Archive member included because of file (symbol)

contiki-z1.a(contiki-z1-plat)
                              obj_z1/contiki-z1-main.o (init_platform)
contiki-z1.a(msp430.o)        obj_z1/contiki-z1-main.o (splhigh_)
contiki-z1.a(leds.o)          obj_z1/contiki-z1-main.o (leds_init)
contiki-z1.a(watchdog.o)      obj_z1/contiki-z1-main.o (watchdog_start)
contiki-z1.a(xmem.o)          obj_z1/contiki-z1-main.o (xmem_init)
contiki-z1.a(spi.o)           contiki-z1.a(xmem.o) (spi_init)
contiki-z1.a(cc2420.o)        obj_z1/contiki-z1-main.o (cc2420_set_pan_addr)
contiki-z1.a(cc2420-arch.o)   contiki-z1.a(cc2420.o) (cc2420_arch_init)
contiki-z1.a(node-id.o)       obj_z1/contiki-z1-main.o (node_id_restore)
contiki-z1.a(sensors.o)       contiki-z1.a(contiki-z1-plat) (sensors_process)
contiki-z1.a(button-sensor.o)
                              test-phidgets.co (button_sensor)
contiki-z1.a(uart0.o)         obj_z1/contiki-z1-main.o (uart0_active)
contiki-z1.a(uart0-putchar.o)
                              obj_z1/contiki-z1-main.o (putchar)
contiki-z1.a(z1-phidgets.o)   test-phidgets.co (phidgets)
contiki-z1.a(adxl345.o)       obj_z1/contiki-z1-main.o (accm_init)
contiki-z1.a(clock.o)         obj_z1/contiki-z1-main.o (clock_init)
contiki-z1.a(leds-arch.o)     contiki-z1.a(leds.o) (leds_arch_init)
contiki-z1.a(rtimer-arch.o)   obj_z1/contiki-z1-main.o (rtimer_arch_now)
contiki-z1.a(autostart.o)     obj_z1/contiki-z1-main.o (autostart_start)
contiki-z1.a(ctimer.o)        obj_z1/contiki-z1-main.o (ctimer_init)
contiki-z1.a(energest.o)      obj_z1/contiki-z1-main.o (energest_init)
contiki-z1.a(etimer.o)        contiki-z1.a(clock.o) (etimer_request_poll)
contiki-z1.a(process.o)       contiki-z1.a(ctimer.o) (process_current)
contiki-z1.a(rtimer.o)        obj_z1/contiki-z1-main.o (rtimer_init)
contiki-z1.a(timer.o)         contiki-z1.a(button-sensor.o) (timer_set)
contiki-z1.a(serial-line.o)   obj_z1/contiki-z1-main.o (serial_line_input_byte)
contiki-z1.a(list.o)          contiki-z1.a(ctimer.o) (list_init)
contiki-z1.a(ringbuf.o)       contiki-z1.a(serial-line.o) (ringbuf_init)
contiki-z1.a(rime.o)          obj_z1/contiki-z1-main.o (rime_driver)
contiki-z1.a(linkaddr.o)      obj_z1/contiki-z1-main.o (linkaddr_copy)
contiki-z1.a(packetbuf.o)     contiki-z1.a(rime.o) (packetbuf_compact)
contiki-z1.a(queuebuf.o)      contiki-z1.a(rime.o) (queuebuf_init)
contiki-z1.a(csma.o)          obj_z1/contiki-z1-main.o (csma_driver)
contiki-z1.a(mac.o)           contiki-z1.a(csma.o) (mac_call_sent_callback)
contiki-z1.a(contikimac.o)    obj_z1/contiki-z1-main.o (contikimac_driver)
contiki-z1.a(contikimac-fram)
                              contiki-z1.a(contikimac.o) (contikimac_framer)
contiki-z1.a(nullsec.o)       contiki-z1.a(rime.o) (nullsec_driver)
contiki-z1.a(i2cmaster.o)     contiki-z1.a(adxl345.o) (i2c_receiveinit)
contiki-z1.a(compower.o)      contiki-z1.a(contikimac.o) (compower_idle_activity)
contiki-z1.a(memb.o)          contiki-z1.a(queuebuf.o) (memb_init)
contiki-z1.a(random.o)        contiki-z1.a(csma.o) (random_rand)
contiki-z1.a(abc.o)           contiki-z1.a(rime.o) (abc_input)
contiki-z1.a(announcement.o)  contiki-z1.a(rime.o) (announcement_init)
contiki-z1.a(broadcast-annou)
                              contiki-z1.a(rime.o) (broadcast_announcement_init)
contiki-z1.a(broadcast.o)     contiki-z1.a(broadcast-annou) (broadcast_open)
contiki-z1.a(chameleon.o)     contiki-z1.a(rime.o) (chameleon_init)
contiki-z1.a(channel.o)       contiki-z1.a(chameleon.o) (channel_init)
contiki-z1.a(framer-802154.o)
                              contiki-z1.a(contikimac-fram) (framer_802154)
contiki-z1.a(framer.o)        contiki-z1.a(framer-802154.o) (framer_canonical_create_and_secure)
contiki-z1.a(mac-sequence.o)  contiki-z1.a(contikimac.o) (mac_sequence_is_duplicate)
contiki-z1.a(chameleon-bitop)
                              contiki-z1.a(chameleon.o) (chameleon_bitopt)
contiki-z1.a(frame802154.o)   contiki-z1.a(framer-802154.o) (frame802154_hdrlen)
/usr/local/msp430/bin/../lib/gcc/msp430/4.7.0/mcpu-430x/mmpy-16/msr20/mc20/libgcc.a(_mulsi3.o)
                              contiki-z1.a(csma.o) (__mulsi3)
/usr/local/msp430/bin/../lib/gcc/msp430/4.7.0/mcpu-430x/mmpy-16/msr20/mc20/libgcc.a(_udivmod32.o)
                              obj_z1/contiki-z1-main.o (__udivsi3)
/usr/local/msp430/bin/../lib/gcc/msp430/4.7.0/../../../../msp430/lib/mcpu-430x/mmpy-16/msr20/mc20/libc.a(printf.o)
                              test-phidgets.co (printf)
/usr/local/msp430/bin/../lib/gcc/msp430/4.7.0/../../../../msp430/lib/mcpu-430x/mmpy-16/msr20/mc20/libc.a(vuprintf.o)
                              /usr/local/msp430/bin/../lib/gcc/msp430/4.7.0/../../../../msp430/lib/mcpu-430x/mmpy-16/msr20/mc20/libc.a(printf.o) (vuprintf)
/usr/local/msp430/bin/../lib/gcc/msp430/4.7.0/../../../../msp430/lib/mcpu-430x/mmpy-16/msr20/mc20/libc.a(puts.o)
                              test-phidgets.co (puts)
[...]
Memory Configuration

Name             Origin             Length             Attributes
sfr              0x00000000         0x00000010
peripheral_8bit  0x00000010         0x000000f0
peripheral_16bit 0x00000100         0x00000100
ram_mirror       0x00000200         0x00000800         xw
infomem          0x00001000         0x00000100
infod            0x00001000         0x00000040
infoc            0x00001040         0x00000040
infob            0x00001080         0x00000040
infoa            0x000010c0         0x00000040
ram              0x00001100         0x00002000         xw
rom              0x00003100         0x0000cebe         xr
vectors          0x0000ffc0         0x00000040
far_rom          0x00010000         0x0000a000
bsl              0x00000000         0x00000000
ram2             0x00000000         0x00000000         xw
usbram           0x00000000         0x00000000         xw
*default*        0x00000000         0xffffffff

Linker script and memory map

LOAD /usr/local/msp430/bin/../lib/gcc/msp430/4.7.0/mcpu-430x/mmpy-16/msr20/mc20/crt0ivtbl32.o
                0x00000041                __P1SEL2 = 0x41
                0x00000045                __P5SEL2 = 0x45
LOAD test-phidgets.co
LOAD obj_z1/contiki-z1-main.o
LOAD contiki-z1.a
LOAD /usr/local/msp430/bin/../lib/gcc/msp430/4.7.0/mcpu-430x/mmpy-16/msr20/mc20/libgcc.a
LOAD /usr/local/msp430/bin/../lib/gcc/msp430/4.7.0/../../../../msp430/lib/mcpu-430x/mmpy-16/msr20/mc20/libc.a
LOAD /usr/local/msp430/bin/../lib/gcc/msp430/4.7.0/mcpu-430x/mmpy-16/msr20/mc20/libgcc.a
LOAD /usr/local/msp430/bin/../lib/gcc/msp430/4.7.0/mcpu-430x/mmpy-16/msr20/mc20/libcrt0.a
                0x00000040                PROVIDE (__info_segment_size, 0x40)
                0x00001000                PROVIDE (__infod, 0x1000)
                0x00001040                PROVIDE (__infoc, 0x1040)
                0x00001080                PROVIDE (__infob, 0x1080)
                0x000010c0                PROVIDE (__infoa, 0x10c0)
                0x00000000                __IE1 = 0x0
                0x00000002                __IFG1 = 0x2
                0x00000001                __IE2 = 0x1
                0x00000003                __IFG2 = 0x3
                0x00000006                __UC1IE = 0x6
                0x00000007                __UC1IFG = 0x7
                0x000001a0                __ADC12CTL0 = 0x1a0
                0x000001a2                __ADC12CTL1 = 0x1a2
                0x000001a4                __ADC12IFG = 0x1a4
                0x000001a6                __ADC12IE = 0x1a6
                0x000001a8                __ADC12IV = 0x1a8
                0x00000140                __ADC12MEM0 = 0x140
                0x00000142                __ADC12MEM1 = 0x142
                0x00000144                __ADC12MEM2 = 0x144
                0x00000146                __ADC12MEM3 = 0x146
                0x00000148                __ADC12MEM4 = 0x148
                0x0000014a                __ADC12MEM5 = 0x14a
                0x0000014c                __ADC12MEM6 = 0x14c
                0x0000014e                __ADC12MEM7 = 0x14e
                0x00000150                __ADC12MEM8 = 0x150
                0x00000152                __ADC12MEM9 = 0x152
                0x00000154                __ADC12MEM10 = 0x154
                0x00000156                __ADC12MEM11 = 0x156
                0x00000158                __ADC12MEM12 = 0x158
                0x0000015a                __ADC12MEM13 = 0x15a
                0x0000015c                __ADC12MEM14 = 0x15c
                0x0000015e                __ADC12MEM15 = 0x15e
                0x00000080                __ADC12MCTL0 = 0x80
                0x00000081                __ADC12MCTL1 = 0x81
                0x00000082                __ADC12MCTL2 = 0x82
                0x00000083                __ADC12MCTL3 = 0x83
                0x00000084                __ADC12MCTL4 = 0x84
                0x00000085                __ADC12MCTL5 = 0x85
                0x00000086                __ADC12MCTL6 = 0x86
                0x00000087                __ADC12MCTL7 = 0x87
                0x00000088                __ADC12MCTL8 = 0x88
                0x00000089                __ADC12MCTL9 = 0x89
                0x0000008a                __ADC12MCTL10 = 0x8a
                0x0000008b                __ADC12MCTL11 = 0x8b
                0x0000008c                __ADC12MCTL12 = 0x8c
                0x0000008d                __ADC12MCTL13 = 0x8d
                0x0000008e                __ADC12MCTL14 = 0x8e
                0x0000008f                __ADC12MCTL15 = 0x8f
                0x00000056                __DCOCTL = 0x56
                0x00000057                __BCSCTL1 = 0x57
                0x00000058                __BCSCTL2 = 0x58
                0x00000053                __BCSCTL3 = 0x53
                0x00000059                __CACTL1 = 0x59
                0x0000005a                __CACTL2 = 0x5a
                0x0000005b                __CAPD = 0x5b
                0x000001c0                __DAC12_0CTL = 0x1c0
                0x000001c2                __DAC12_1CTL = 0x1c2
                0x000001c8                __DAC12_0DAT = 0x1c8
                0x000001ca                __DAC12_1DAT = 0x1ca
                0x00000122                __DMACTL0 = 0x122
                0x00000124                __DMACTL1 = 0x124
                0x00000126                __DMAIV = 0x126
                0x000001d0                __DMA0CTL = 0x1d0
                0x000001dc                __DMA1CTL = 0x1dc
                0x000001e8                __DMA2CTL = 0x1e8
                0x000001d2                __DMA0SA = 0x1d2
                0x000001d2                __DMA0SAL = 0x1d2
                0x000001d6                __DMA0DA = 0x1d6
                0x000001d6                __DMA0DAL = 0x1d6
                0x000001da                __DMA0SZ = 0x1da
                0x000001de                __DMA1SA = 0x1de
                0x000001de                __DMA1SAL = 0x1de
                0x000001e2                __DMA1DA = 0x1e2
                0x000001e2                __DMA1DAL = 0x1e2
                0x000001e6                __DMA1SZ = 0x1e6
                0x000001ea                __DMA2SA = 0x1ea
                0x000001ea                __DMA2SAL = 0x1ea
                0x000001ee                __DMA2DA = 0x1ee
                0x000001ee                __DMA2DAL = 0x1ee
                0x000001f2                __DMA2SZ = 0x1f2
                0x00000128                __FCTL1 = 0x128
                0x0000012a                __FCTL2 = 0x12a
                0x0000012c                __FCTL3 = 0x12c
                0x000001be                __FCTL4 = 0x1be
                0x00000130                __MPY = 0x130
                0x00000132                __MPYS = 0x132
                0x00000134                __MAC = 0x134
                0x00000136                __MACS = 0x136
                0x00000138                __OP2 = 0x138
                0x0000013a                __RESLO = 0x13a
                0x0000013c                __RESHI = 0x13c
                0x0000013e                __SUMEXT = 0x13e
                0x00000020                __P1IN = 0x20
                0x00000021                __P1OUT = 0x21
                0x00000022                __P1DIR = 0x22
                0x00000023                __P1IFG = 0x23
                0x00000024                __P1IES = 0x24
                0x00000025                __P1IE = 0x25
                0x00000026                __P1SEL = 0x26
                0x00000027                __P1REN = 0x27
                0x00000028                __P2IN = 0x28
                0x00000029                __P2OUT = 0x29
                0x0000002a                __P2DIR = 0x2a
                0x0000002b                __P2IFG = 0x2b
                0x0000002c                __P2IES = 0x2c
                0x0000002d                __P2IE = 0x2d
                0x0000002e                __P2SEL = 0x2e
                0x0000002f                __P2REN = 0x2f
                0x00000018                __P3IN = 0x18
                0x00000019                __P3OUT = 0x19
                0x0000001a                __P3DIR = 0x1a
                0x0000001b                __P3SEL = 0x1b
                0x00000010                __P3REN = 0x10
                0x0000001c                __P4IN = 0x1c
                0x0000001d                __P4OUT = 0x1d
                0x0000001e                __P4DIR = 0x1e
                0x0000001f                __P4SEL = 0x1f
                0x00000011                __P4REN = 0x11
                0x00000030                __P5IN = 0x30
                0x00000031                __P5OUT = 0x31
                0x00000032                __P5DIR = 0x32
                0x00000033                __P5SEL = 0x33
                0x00000012                __P5REN = 0x12
                0x00000034                __P6IN = 0x34
                0x00000035                __P6OUT = 0x35
                0x00000036                __P6DIR = 0x36
                0x00000037                __P6SEL = 0x37
                0x00000013                __P6REN = 0x13
                0x00000038                __P7IN = 0x38
                0x0000003a                __P7OUT = 0x3a
                0x0000003c                __P7DIR = 0x3c
                0x0000003e                __P7SEL = 0x3e
                0x00000014                __P7REN = 0x14
                0x00000039                __P8IN = 0x39
                0x0000003b                __P8OUT = 0x3b
                0x0000003d                __P8DIR = 0x3d
                0x0000003f                __P8SEL = 0x3f
                0x00000015                __P8REN = 0x15
                0x00000038                __PAIN = 0x38
                0x0000003a                __PAOUT = 0x3a
                0x0000003c                __PADIR = 0x3c
                0x0000003e                __PASEL = 0x3e
                0x00000014                __PAREN = 0x14
                0x00000055                __SVSCTL = 0x55
                0x0000012e                __TAIV = 0x12e
                0x00000160                __TACTL = 0x160
                0x00000162                __TACCTL0 = 0x162
                0x00000164                __TACCTL1 = 0x164
                0x00000166                __TACCTL2 = 0x166
                0x00000170                __TAR = 0x170
                0x00000172                __TACCR0 = 0x172
                0x00000174                __TACCR1 = 0x174
                0x00000176                __TACCR2 = 0x176
                0x0000011e                __TBIV = 0x11e
                0x00000180                __TBCTL = 0x180
                0x00000182                __TBCCTL0 = 0x182
                0x00000184                __TBCCTL1 = 0x184
                0x00000186                __TBCCTL2 = 0x186
                0x00000188                __TBCCTL3 = 0x188
                0x0000018a                __TBCCTL4 = 0x18a
                0x0000018c                __TBCCTL5 = 0x18c
                0x0000018e                __TBCCTL6 = 0x18e
                0x00000190                __TBR = 0x190
                0x00000192                __TBCCR0 = 0x192
                0x00000194                __TBCCR1 = 0x194
                0x00000196                __TBCCR2 = 0x196
                0x00000198                __TBCCR3 = 0x198
                0x0000019a                __TBCCR4 = 0x19a
                0x0000019c                __TBCCR5 = 0x19c
                0x0000019e                __TBCCR6 = 0x19e
                0x00000060                __UCA0CTL0 = 0x60
                0x00000061                __UCA0CTL1 = 0x61
                0x00000062                __UCA0BR0 = 0x62
                0x00000063                __UCA0BR1 = 0x63
                0x00000064                __UCA0MCTL = 0x64
                0x00000065                __UCA0STAT = 0x65
                0x00000066                __UCA0RXBUF = 0x66
                0x00000067                __UCA0TXBUF = 0x67
                0x0000005d                __UCA0ABCTL = 0x5d
                0x0000005e                __UCA0IRTCTL = 0x5e
                0x0000005f                __UCA0IRRCTL = 0x5f
                0x00000068                __UCB0CTL0 = 0x68
                0x00000069                __UCB0CTL1 = 0x69
                0x0000006a                __UCB0BR0 = 0x6a
                0x0000006b                __UCB0BR1 = 0x6b
                0x0000006c                __UCB0I2CIE = 0x6c
                0x0000006d                __UCB0STAT = 0x6d
                0x0000006e                __UCB0RXBUF = 0x6e
                0x0000006f                __UCB0TXBUF = 0x6f
                0x00000118                __UCB0I2COA = 0x118
                0x0000011a                __UCB0I2CSA = 0x11a
                0x000000d0                __UCA1CTL0 = 0xd0
                0x000000d1                __UCA1CTL1 = 0xd1
                0x000000d2                __UCA1BR0 = 0xd2
                0x000000d3                __UCA1BR1 = 0xd3
                0x000000d4                __UCA1MCTL = 0xd4
                0x000000d5                __UCA1STAT = 0xd5
                0x000000d6                __UCA1RXBUF = 0xd6
                0x000000d7                __UCA1TXBUF = 0xd7
                0x000000cd                __UCA1ABCTL = 0xcd
                0x000000ce                __UCA1IRTCTL = 0xce
                0x000000cf                __UCA1IRRCTL = 0xcf
                0x000000d8                __UCB1CTL0 = 0xd8
                0x000000d9                __UCB1CTL1 = 0xd9
                0x000000da                __UCB1BR0 = 0xda
                0x000000db                __UCB1BR1 = 0xdb
                0x000000dc                __UCB1I2CIE = 0xdc
                0x000000dd                __UCB1STAT = 0xdd
                0x000000de                __UCB1RXBUF = 0xde
                0x000000df                __UCB1TXBUF = 0xdf
                0x0000017c                __UCB1I2COA = 0x17c
                0x0000017e                __UCB1I2CSA = 0x17e
                0x00000120                __WDTCTL = 0x120
                0x000010c0                __TLV_CHECKSUM = 0x10c0
                0x000010f6                __TLV_DCO_30_TAG = 0x10f6
                0x000010f7                __TLV_DCO_30_LEN = 0x10f7
                0x000010da                __TLV_ADC12_1_TAG = 0x10da
                0x000010db                __TLV_ADC12_1_LEN = 0x10db
                0x000010f8                __CALDCO_16MHZ = 0x10f8
                0x000010f9                __CALBC1_16MHZ = 0x10f9
                0x000010fa                __CALDCO_12MHZ = 0x10fa
                0x000010fb                __CALBC1_12MHZ = 0x10fb
                0x000010fc                __CALDCO_8MHZ = 0x10fc
                0x000010fd                __CALBC1_8MHZ = 0x10fd
                0x000010fe                __CALDCO_1MHZ = 0x10fe
                0x000010ff                __CALBC1_1MHZ = 0x10ff

.hash
 *(.hash)

.dynsym
 *(.dynsym)

.dynstr
 *(.dynstr)

.gnu.version
 *(.gnu.version)

.gnu.version_d
 *(.gnu.version_d)

.gnu.version_r
 *(.gnu.version_r)

.rel.init
 *(.rel.init)

.rela.init
 *(.rela.init)

.rel.fini
 *(.rel.fini)

.rela.fini
 *(.rela.fini)

.rel.text
 *(.rel.text .rel.text.* .rel.gnu.linkonce.t.*)

.rela.text
 *(.rela.text .rela.text.* .rela.gnu.linkonce.t.*)

.rel.rodata
 *(.rel.rodata .rel.rodata.* .rel.gnu.linkonce.r.*)

.rela.rodata
 *(.rela.rodata .rela.rodata.* .rela.gnu.linkonce.r.*)

.rel.data
 *(.rel.data .rel.data.* .rel.gnu.linkonce.d.*)

.rela.data
 *(.rela.data .rela.data.* .rela.gnu.linkonce.d.*)

.rel.bss
 *(.rel.bss .rel.bss.* .rel.gnu.linkonce.b.*)

.rela.bss
 *(.rela.bss .rela.bss.* .rela.gnu.linkonce.b.*)

.rel.ctors
 *(.rel.ctors)

.rela.ctors
 *(.rela.ctors)

.rel.dtors
 *(.rel.dtors)

.rela.dtors
 *(.rela.dtors)

.rel.got
 *(.rel.got)

.rela.got
 *(.rela.got)

.rel.plt
 *(.rel.plt)

.rela.plt
 *(.rela.plt)

.text           0x00003100     0x4b90
                0x00003100                . = ALIGN (0x2)
 *(.init .init.*)
 *(.init0)
 .init0         0x00003100        0x0 /usr/local/msp430/bin/../lib/gcc/msp430/4.7.0/mcpu-430x/mmpy-16/msr20/mc20/libcrt0.a(_reset_vector__.o)
                0x00003100                _reset_vector__
 *(.init1)
 .init1         0x00003100        0xc /usr/local/msp430/bin/../lib/gcc/msp430/4.7.0/mcpu-430x/mmpy-16/msr20/mc20/libcrt0.a(__watchdog_support.o)
                0x00003100                __watchdog_support
 *(.init2)
 .init2         0x0000310c        0x4 /usr/local/msp430/bin/../lib/gcc/msp430/4.7.0/mcpu-430x/mmpy-16/msr20/mc20/libcrt0.a(__init_stack.o)
                0x0000310c                __init_stack
 *(.init3)
 .init3         0x00003110        0x0 /usr/local/msp430/bin/../lib/gcc/msp430/4.7.0/mcpu-430x/mmpy-16/msr20/mc20/libcrt0.a(__low_level_init.o)
                0x00003110                __low_level_init
 *(.init4)
 .init4         0x00003110       0x18 /usr/local/msp430/bin/../lib/gcc/msp430/4.7.0/mcpu-430x/mmpy-16/msr20/mc20/libcrt0.a(_copy_data.o)
                0x00003110                __do_copy_data
 .init4         0x00003128       0x16 /usr/local/msp430/bin/../lib/gcc/msp430/4.7.0/mcpu-430x/mmpy-16/msr20/mc20/libcrt0.a(_clear_bss.o)
                0x00003128                __do_clear_bss
 *(.init5)
 *(.init6)
 *(.init7)
 *(.init8)
 *(.init9)
 .init9         0x0000313e      0x31c obj_z1/contiki-z1-main.o
                0x0000313e                main
 *(.fini9)
 .fini9         0x0000345a        0x0 /usr/local/msp430/bin/../lib/gcc/msp430/4.7.0/mcpu-430x/mmpy-16/msr20/mc20/libcrt0.a(__stop_progExec__.o)
                0x0000345a                __stop_progExec__
 *(.fini8)
 *(.fini7)
 *(.fini6)
 *(.fini5)
 *(.fini4)
 *(.fini3)
 *(.fini2)
 *(.fini1)
 *(.fini0)
 .fini0         0x0000345a        0x6 /usr/local/msp430/bin/../lib/gcc/msp430/4.7.0/mcpu-430x/mmpy-16/msr20/mc20/libcrt0.a(_endless_loop__.o)
                0x0000345a                _endless_loop__
 *(.fini .fini.*)
                0x00003460                . = ALIGN (0x2)
                0x00003460                __ctors_start = .
 *(.ctors)
                0x00003460                __ctors_end = .
                0x00003460                __dtors_start = .
 *(.dtors)
                0x00003460                __dtors_end = .
                0x00003460                . = ALIGN (0x2)
 *(.text .text.* .gnu.linkonce.t.*)
 .text          0x00003460        0x4 /usr/local/msp430/bin/../lib/gcc/msp430/4.7.0/mcpu-430x/mmpy-16/msr20/mc20/crt0ivtbl32.o
                0x00003460                __isr_14
                0x00003460                __isr_4
                0x00003460                __isr_29
                0x00003460                __isr_11
                0x00003460                __isr_5
                0x00003460                __isr_2
                0x00003460                __isr_10
                0x00003460                __isr_7
                0x00003460                __isr_0
                0x00003460                __isr_28
                0x00003460                __isr_8
                0x00003460                __isr_20
                0x00003460                __isr_3
                0x00003460                __isr_12
                0x00003460                __isr_13
                0x00003460                __isr_27
                0x00003460                __isr_9
                0x00003460                __isr_30
                0x00003460                __isr_6
                0x00003460                __isr_22
                0x00003460                __isr_1
                0x00003460                __isr_15
                0x00003460                __isr_21
 .text.libgcc   0x00003464       0x26 /usr/local/msp430/bin/../lib/gcc/msp430/4.7.0/mcpu-430x/mmpy-16/msr20/mc20/libgcc.a(_mulsi3.o)
                0x00003464                __mulsi3
 .text.libgcc   0x0000348a       0x38 /usr/local/msp430/bin/../lib/gcc/msp430/4.7.0/mcpu-430x/mmpy-16/msr20/mc20/libgcc.a(_udivmod32.o)
                0x0000348a                __udivsi3
                0x0000348a                __ext_udivmod32
                0x000034b8                __umodsi3
 .text.printf   0x000034c2       0x10 /usr/local/msp430/bin/../lib/gcc/msp430/4.7.0/../../../../msp430/lib/mcpu-430x/mmpy-16/msr20/mc20/libc.a(printf.o)
                0x000034c2                printf
 .text.print_field
                0x000034d2      0x176 /usr/local/msp430/bin/../lib/gcc/msp430/4.7.0/../../../../msp430/lib/mcpu-430x/mmpy-16/msr20/mc20/libc.a(vuprintf.o)
 .text.vuprintf
                0x00003648      0x74c /usr/local/msp430/bin/../lib/gcc/msp430/4.7.0/../../../../msp430/lib/mcpu-430x/mmpy-16/msr20/mc20/libc.a(vuprintf.o)
                0x00003648                vuprintf
 .text.puts     0x00003d94       0x2c /usr/local/msp430/bin/../lib/gcc/msp430/4.7.0/../../../../msp430/lib/mcpu-430x/mmpy-16/msr20/mc20/libc.a(puts.o)
                0x00003d94                puts
 .text.rand     0x00003dc0       0x26 /usr/local/msp430/bin/../lib/gcc/msp430/4.7.0/../../../../msp430/lib/mcpu-430x/mmpy-16/msr20/mc20/libc.a(rand.o)
                0x00003dc0                rand
 .text.memcmp   0x00003de6       0x2c /usr/local/msp430/bin/../lib/gcc/msp430/4.7.0/../../../../msp430/lib/mcpu-430x/mmpy-16/msr20/mc20/libc.a(memcmp.o)
                0x00003de6                memcmp
 .text.memcpy   0x00003e12       0xe8 /usr/local/msp430/bin/../lib/gcc/msp430/4.7.0/../../../../msp430/lib/mcpu-430x/mmpy-16/msr20/mc20/libc.a(memcpy.o)
                0x00003e12                memcpy
 .text.memset   0x00003efa       0x5c /usr/local/msp430/bin/../lib/gcc/msp430/4.7.0/../../../../msp430/lib/mcpu-430x/mmpy-16/msr20/mc20/libc.a(memset.o)
                0x00003efa                memset
 .text.libgcc   0x00003f56       0x22 /usr/local/msp430/bin/../lib/gcc/msp430/4.7.0/mcpu-430x/mmpy-16/msr20/mc20/libgcc.a(_udivmod16.o)
                0x00003f56                __udivhi3
                0x00003f56                __ext_udivmod16
                0x00003f70                __umodhi3
 .text.libgcc   0x00003f78       0xbc /usr/local/msp430/bin/../lib/gcc/msp430/4.7.0/mcpu-430x/mmpy-16/msr20/mc20/libgcc.a(_udivmod64.o)
                0x00003f78                __xabi_udivmod64
                0x00003fca                __udivdi3
                0x00003fe4                __umoddi3
                0x00004006                __udivmoddi4
 .text.crt0     0x00004034        0x2 /usr/local/msp430/bin/../lib/gcc/msp430/4.7.0/mcpu-430x/mmpy-16/msr20/mc20/libcrt0.a(_unexpected_.o)
                0x00004034                _unexpected_
 *(.near.text .near.text.*)
 .near.text.watchdog_interrupt
                0x00004036        0x6 contiki-z1.a(watchdog.o)
                0x00004036                __isr_26
                0x00004036                watchdog_interrupt
 .near.text.irq_p2
                0x0000403c       0x76 contiki-z1.a(button-sensor.o)
                0x0000403c                irq_p2
                0x0000403c                __isr_19
 .near.text.uart0_rx_interrupt
                0x000040b2       0x64 contiki-z1.a(uart0.o)
                0x000040b2                __isr_23
                0x000040b2                uart0_rx_interrupt
 .near.text.port1_isr
                0x00004116       0xbe contiki-z1.a(adxl345.o)
                0x00004116                port1_isr
                0x00004116                __isr_18
 .near.text.timera1
                0x000041d4      0x10a contiki-z1.a(clock.o)
                0x000041d4                __isr_24
                0x000041d4                timera1
 .near.text.timera0
                0x000042de       0x5c contiki-z1.a(rtimer-arch.o)
                0x000042de                __isr_25
                0x000042de                timera0
 .near.text.i2c_tx_interrupt
                0x0000433a       0x84 contiki-z1.a(i2cmaster.o)
                0x0000433a                __isr_16
                0x0000433a                i2c_tx_interrupt
 .near.text.i2c_rx_interrupt
                0x000043be       0x14 contiki-z1.a(i2cmaster.o)
                0x000043be                i2c_rx_interrupt
                0x000043be                __isr_17
 .any.text.process_thread_test_button_process
                0x000043d2       0xd4 test-phidgets.co
 .any.text.init_platform
                0x000044a6        0xc contiki-z1.a(contiki-z1-plat)
                0x000044a6                init_platform
 .any.text.msp430_init_dco
                0x000044b2       0x28 contiki-z1.a(msp430.o)
                0x000044b2                msp430_init_dco
 .any.text.splhigh_
                0x000044da        0x8 contiki-z1.a(msp430.o)
                0x000044da                splhigh_
 .any.text.msp430_sync_dco
                0x000044e2       0x6e contiki-z1.a(msp430.o)
                0x000044e2                msp430_sync_dco
 .any.text.msp430_cpu_init
                0x00004550       0x2a contiki-z1.a(msp430.o)
                0x00004550                msp430_cpu_init
 .any.text.show_leds
                0x0000457a       0xe8 contiki-z1.a(leds.o)
 .any.text.leds_init
                0x00004662        0xa contiki-z1.a(leds.o)
                0x00004662                leds_init
 .any.text.leds_on
                0x0000466c        0xa contiki-z1.a(leds.o)
                0x0000466c                leds_on
 .any.text.leds_off
                0x00004676        0xe contiki-z1.a(leds.o)
                0x00004676                leds_off
 .any.text.watchdog_start
                0x00004684       0x14 contiki-z1.a(watchdog.o)
                0x00004684                watchdog_start
 .any.text.watchdog_periodic
                0x00004698       0x12 contiki-z1.a(watchdog.o)
                0x00004698                watchdog_periodic
 .any.text.watchdog_stop
                0x000046aa       0x16 contiki-z1.a(watchdog.o)
                0x000046aa                watchdog_stop
 .any.text.watchdog_init
                0x000046c0       0x12 contiki-z1.a(watchdog.o)
                0x000046c0                watchdog_init
 .any.text.wait_ready
                0x000046d2       0x46 contiki-z1.a(xmem.o)
 .any.text.xmem_init
                0x00004718       0x1e contiki-z1.a(xmem.o)
                0x00004718                xmem_init
 .any.text.xmem_pread
                0x00004736       0xc2 contiki-z1.a(xmem.o)
                0x00004736                xmem_pread
 .any.text.spi_init
                0x000047f8       0x32 contiki-z1.a(spi.o)
                0x000047f8                spi_init
 .any.text.get_object
                0x0000482a        0x4 contiki-z1.a(cc2420.o)
 .any.text.set_object
                0x0000482e        0x4 contiki-z1.a(cc2420.o)
 .any.text.strobe
                0x00004832       0x1a contiki-z1.a(cc2420.o)
 .any.text.getreg
                0x0000484c       0x46 contiki-z1.a(cc2420.o)
 .any.text.setreg
                0x00004892       0x44 contiki-z1.a(cc2420.o)
 .any.text.write_ram
                0x000048d6       0x72 contiki-z1.a(cc2420.o)
 .any.text.write_fifo_buf
                0x00004948       0x38 contiki-z1.a(cc2420.o)
 .any.text.get_status
                0x00004980       0x1e contiki-z1.a(cc2420.o)
 .any.text.set_txpower
                0x0000499e       0x24 contiki-z1.a(cc2420.o)
 .any.text.cc2420_receiving_packet
                0x000049c2        0xa contiki-z1.a(cc2420.o)
 .any.text.pending_packet
                0x000049cc        0xa contiki-z1.a(cc2420.o)
 .any.text.on   0x000049d6       0x1e contiki-z1.a(cc2420.o)
 .any.text.wait_for_transmission
                0x000049f4       0x22 contiki-z1.a(cc2420.o)
 .any.text.wait_for_status
                0x00004a16       0x24 contiki-z1.a(cc2420.o)
 .any.text.getrxdata
                0x00004a3a       0x4c contiki-z1.a(cc2420.o)
 .any.text.flushrx
                0x00004a86       0x1a contiki-z1.a(cc2420.o)
 .any.text.off  0x00004aa0       0x52 contiki-z1.a(cc2420.o)
 .any.text.RELEASE_LOCK
                0x00004af2       0x28 contiki-z1.a(cc2420.o)
 .any.text.cc2420_prepare
                0x00004b1a       0x38 contiki-z1.a(cc2420.o)
 .any.text.cc2420_on
                0x00004b52       0x22 contiki-z1.a(cc2420.o)
                0x00004b52                cc2420_on
 .any.text.cc2420_off
                0x00004b74       0x30 contiki-z1.a(cc2420.o)
                0x00004b74                cc2420_off
 .any.text.cc2420_cca
                0x00004ba4       0x54 contiki-z1.a(cc2420.o)
 .any.text.cc2420_read
                0x00004bf8       0xa8 contiki-z1.a(cc2420.o)
 .any.text.process_thread_cc2420_process
                0x00004ca0       0x54 contiki-z1.a(cc2420.o)
 .any.text.cc2420_set_channel
                0x00004cf4       0x3a contiki-z1.a(cc2420.o)
                0x00004cf4                cc2420_set_channel
 .any.text.cc2420_set_pan_addr
                0x00004d2e       0x4c contiki-z1.a(cc2420.o)
                0x00004d2e                cc2420_set_pan_addr
 .any.text.cc2420_interrupt
                0x00004d7a       0x16 contiki-z1.a(cc2420.o)
                0x00004d7a                cc2420_interrupt
 .any.text.cc2420_set_txpower
                0x00004d90        0xe contiki-z1.a(cc2420.o)
                0x00004d90                cc2420_set_txpower
 .any.text.cc2420_get_txpower
                0x00004d9e       0x1e contiki-z1.a(cc2420.o)
                0x00004d9e                cc2420_get_txpower
 .any.text.cc2420_transmit
                0x00004dbc      0x124 contiki-z1.a(cc2420.o)
 .any.text.cc2420_send
                0x00004ee0       0x12 contiki-z1.a(cc2420.o)
 .any.text.cc2420_rssi
                0x00004ef2       0x48 contiki-z1.a(cc2420.o)
                0x00004ef2                cc2420_rssi
 .any.text.get_value
                0x00004f3a       0xa8 contiki-z1.a(cc2420.o)
 .any.text.cc2420_set_cca_threshold
                0x00004fe2       0x16 contiki-z1.a(cc2420.o)
                0x00004fe2                cc2420_set_cca_threshold
 .any.text.set_value
                0x00004ff8       0x80 contiki-z1.a(cc2420.o)
 .any.text.cc2420_init
                0x00005078       0xd8 contiki-z1.a(cc2420.o)
                0x00005078                cc2420_init
 .any.text.cc2420_arch_init
                0x00005150       0x1a contiki-z1.a(cc2420-arch.o)
                0x00005150                cc2420_arch_init
 .any.text.node_id_restore
                0x0000516a       0x4c contiki-z1.a(node-id.o)
                0x0000516a                node_id_restore
 .any.text.process_thread_sensors_process
                0x000051b6       0xc2 contiki-z1.a(sensors.o)
 .any.text.sensors_changed
                0x00005278       0x2a contiki-z1.a(sensors.o)
                0x00005278                sensors_changed
 .any.text.status
                0x000052a2       0x18 contiki-z1.a(button-sensor.o)
 .any.text.value
                0x000052ba       0x20 contiki-z1.a(button-sensor.o)
 .any.text.configure
                0x000052da       0x4e contiki-z1.a(button-sensor.o)
 .any.text.uart0_active
                0x00005328        0xe contiki-z1.a(uart0.o)
                0x00005328                uart0_active
 .any.text.uart0_set_input
                0x00005336        0x6 contiki-z1.a(uart0.o)
                0x00005336                uart0_set_input
 .any.text.uart0_writeb
                0x0000533c       0x16 contiki-z1.a(uart0.o)
                0x0000533c                uart0_writeb
 .any.text.uart0_init
                0x00005352       0x40 contiki-z1.a(uart0.o)
                0x00005352                uart0_init
 .any.text.putchar
                0x00005392       0x10 contiki-z1.a(uart0-putchar.o)
                0x00005392                putchar
 .any.text.value
                0x000053a2       0x36 contiki-z1.a(z1-phidgets.o)
 .any.text.status
                0x000053d8       0x12 contiki-z1.a(z1-phidgets.o)
 .any.text.configure
                0x000053ea       0xa4 contiki-z1.a(z1-phidgets.o)
 .any.text.accm_write_reg
                0x0000548e       0x2e contiki-z1.a(adxl345.o)
                0x0000548e                accm_write_reg
 .any.text.accm_write_stream
                0x000054bc       0x2a contiki-z1.a(adxl345.o)
                0x000054bc                accm_write_stream
 .any.text.accm_read_reg
                0x000054e6       0x54 contiki-z1.a(adxl345.o)
                0x000054e6                accm_read_reg
 .any.text.process_thread_accmeter_process
                0x0000553a       0x56 contiki-z1.a(adxl345.o)
 .any.text.accm_init
                0x00005590       0x8c contiki-z1.a(adxl345.o)
                0x00005590                accm_init
 .any.text.clock_time
                0x0000561c       0x1a contiki-z1.a(clock.o)
                0x0000561c                clock_time
 .any.text.clock_init
                0x00005636       0x28 contiki-z1.a(clock.o)
                0x00005636                clock_init
 .any.text.clock_delay
                0x0000565e        0xc contiki-z1.a(clock.o)
                0x0000565e                clock_delay
 .any.text.clock_wait
                0x0000566a       0x24 contiki-z1.a(clock.o)
                0x0000566a                clock_wait
 .any.text.leds_arch_init
                0x0000568e        0xe contiki-z1.a(leds-arch.o)
                0x0000568e                leds_arch_init
 .any.text.leds_arch_set
                0x0000569c       0x38 contiki-z1.a(leds-arch.o)
                0x0000569c                leds_arch_set
 .any.text.rtimer_arch_init
                0x000056d4        0xe contiki-z1.a(rtimer-arch.o)
                0x000056d4                rtimer_arch_init
 .any.text.rtimer_arch_now
                0x000056e2        0xe contiki-z1.a(rtimer-arch.o)
                0x000056e2                rtimer_arch_now
 .any.text.rtimer_arch_schedule
                0x000056f0        0x6 contiki-z1.a(rtimer-arch.o)
                0x000056f0                rtimer_arch_schedule
 .any.text.autostart_start
                0x000056f6       0x16 contiki-z1.a(autostart.o)
                0x000056f6                autostart_start
 .any.text.process_thread_ctimer_process
                0x0000570c       0xa0 contiki-z1.a(ctimer.o)
 .any.text.ctimer_init
                0x000057ac       0x18 contiki-z1.a(ctimer.o)
                0x000057ac                ctimer_init
 .any.text.ctimer_set
                0x000057c4       0x48 contiki-z1.a(ctimer.o)
                0x000057c4                ctimer_set
 .any.text.ctimer_stop
                0x0000580c       0x28 contiki-z1.a(ctimer.o)
                0x0000580c                ctimer_stop
 .any.text.energest_init
                0x00005834       0x24 contiki-z1.a(energest.o)
                0x00005834                energest_init
 .any.text.energest_type_time
                0x00005858       0x3c contiki-z1.a(energest.o)
                0x00005858                energest_type_time
 .any.text.energest_type_set
                0x00005894        0xc contiki-z1.a(energest.o)
                0x00005894                energest_type_set
 .any.text.energest_flush
                0x000058a0       0x38 contiki-z1.a(energest.o)
                0x000058a0                energest_flush
 .any.text.update_time
                0x000058d8       0x70 contiki-z1.a(etimer.o)
 .any.text.etimer_request_poll
                0x00005948        0xa contiki-z1.a(etimer.o)
                0x00005948                etimer_request_poll
 .any.text.process_thread_etimer_process
                0x00005952       0xc4 contiki-z1.a(etimer.o)
 .any.text.add_timer
                0x00005a16       0x40 contiki-z1.a(etimer.o)
 .any.text.etimer_set
                0x00005a56       0x12 contiki-z1.a(etimer.o)
                0x00005a56                etimer_set
 .any.text.etimer_pending
                0x00005a68        0xc contiki-z1.a(etimer.o)
                0x00005a68                etimer_pending
 .any.text.etimer_next_expiration_time
                0x00005a74       0x16 contiki-z1.a(etimer.o)
                0x00005a74                etimer_next_expiration_time
 .any.text.etimer_stop
                0x00005a8a       0x3e contiki-z1.a(etimer.o)
                0x00005a8a                etimer_stop
 .any.text.call_process
                0x00005ac8       0x40 contiki-z1.a(process.o)
 .any.text.exit_process
                0x00005b08       0x88 contiki-z1.a(process.o)
 .any.text.do_poll
                0x00005b90       0x30 contiki-z1.a(process.o)
 .any.text.process_alloc_event
                0x00005bc0        0xe contiki-z1.a(process.o)
                0x00005bc0                process_alloc_event
 .any.text.process_init
                0x00005bce       0x1c contiki-z1.a(process.o)
                0x00005bce                process_init
 .any.text.process_run
                0x00005bea       0xa4 contiki-z1.a(process.o)
                0x00005bea                process_run
 .any.text.process_nevents
                0x00005c8e        0xe contiki-z1.a(process.o)
                0x00005c8e                process_nevents
 .any.text.process_post
                0x00005c9c       0x50 contiki-z1.a(process.o)
                0x00005c9c                process_post
 .any.text.process_post_synch
                0x00005cec       0x12 contiki-z1.a(process.o)
                0x00005cec                process_post_synch
 .any.text.process_start
                0x00005cfe       0x36 contiki-z1.a(process.o)
                0x00005cfe                process_start
 .any.text.process_poll
                0x00005d34       0x18 contiki-z1.a(process.o)
                0x00005d34                process_poll
 .any.text.rtimer_init
                0x00005d4c        0x6 contiki-z1.a(rtimer.o)
                0x00005d4c                rtimer_init
 .any.text.rtimer_set
                0x00005d52       0x24 contiki-z1.a(rtimer.o)
                0x00005d52                rtimer_set
 .any.text.rtimer_run_next
                0x00005d76       0x26 contiki-z1.a(rtimer.o)
                0x00005d76                rtimer_run_next
 .any.text.timer_set
                0x00005d9c       0x1c contiki-z1.a(timer.o)
                0x00005d9c                timer_set
 .any.text.timer_expired
                0x00005db8       0x2a contiki-z1.a(timer.o)
                0x00005db8                timer_expired
 .any.text.process_thread_serial_line_process
                0x00005de2       0x9e contiki-z1.a(serial-line.o)
 .any.text.serial_line_input_byte
                0x00005e80       0x4a contiki-z1.a(serial-line.o)
                0x00005e80                serial_line_input_byte
 .any.text.serial_line_init
                0x00005eca       0x1c contiki-z1.a(serial-line.o)
                0x00005eca                serial_line_init
 .any.text.list_init
                0x00005ee6        0x6 contiki-z1.a(list.o)
                0x00005ee6                list_init
 .any.text.list_head
                0x00005eec        0x4 contiki-z1.a(list.o)
                0x00005eec                list_head
 .any.text.list_tail
                0x00005ef0       0x12 contiki-z1.a(list.o)
                0x00005ef0                list_tail
 .any.text.list_remove
                0x00005f02       0x34 contiki-z1.a(list.o)
                0x00005f02                list_remove
 .any.text.list_push
                0x00005f36       0x16 contiki-z1.a(list.o)
                0x00005f36                list_push
 .any.text.list_add
                0x00005f4c       0x26 contiki-z1.a(list.o)
                0x00005f4c                list_add
 .any.text.list_length
                0x00005f72       0x10 contiki-z1.a(list.o)
                0x00005f72                list_length
 .any.text.list_item_next
                0x00005f82        0xc contiki-z1.a(list.o)
                0x00005f82                list_item_next
 .any.text.ringbuf_init
                0x00005f8e       0x14 contiki-z1.a(ringbuf.o)
                0x00005f8e                ringbuf_init
 .any.text.ringbuf_put
                0x00005fa2       0x38 contiki-z1.a(ringbuf.o)
                0x00005fa2                ringbuf_put
 .any.text.ringbuf_get
                0x00005fda       0x2e contiki-z1.a(ringbuf.o)
                0x00005fda                ringbuf_get
 .any.text.input
                0x00006008       0x36 contiki-z1.a(rime.o)
 .any.text.init
                0x0000603e       0x2e contiki-z1.a(rime.o)
 .any.text.packet_sent
                0x0000606c       0x38 contiki-z1.a(rime.o)
 .any.text.rime_output
                0x000060a4       0x24 contiki-z1.a(rime.o)
                0x000060a4                rime_output
 .any.text.linkaddr_copy
                0x000060c8        0xc contiki-z1.a(linkaddr.o)
                0x000060c8                linkaddr_copy
 .any.text.linkaddr_cmp
                0x000060d4       0x12 contiki-z1.a(linkaddr.o)
                0x000060d4                linkaddr_cmp
 .any.text.linkaddr_set_node_addr
                0x000060e6        0xc contiki-z1.a(linkaddr.o)
                0x000060e6                linkaddr_set_node_addr
 .any.text.packetbuf_compact
                0x000060f2       0x2e contiki-z1.a(packetbuf.o)
                0x000060f2                packetbuf_compact
 .any.text.packetbuf_copyto
                0x00006120       0x46 contiki-z1.a(packetbuf.o)
                0x00006120                packetbuf_copyto
 .any.text.packetbuf_hdrreduce
                0x00006166       0x1a contiki-z1.a(packetbuf.o)
                0x00006166                packetbuf_hdrreduce
 .any.text.packetbuf_set_datalen
                0x00006180        0x6 contiki-z1.a(packetbuf.o)
                0x00006180                packetbuf_set_datalen
 .any.text.packetbuf_dataptr
                0x00006186        0xe contiki-z1.a(packetbuf.o)
                0x00006186                packetbuf_dataptr
 .any.text.packetbuf_hdrptr
                0x00006194        0xa contiki-z1.a(packetbuf.o)
                0x00006194                packetbuf_hdrptr
 .any.text.packetbuf_datalen
                0x0000619e        0x6 contiki-z1.a(packetbuf.o)
                0x0000619e                packetbuf_datalen
 .any.text.packetbuf_hdrlen
                0x000061a4       0x10 contiki-z1.a(packetbuf.o)
                0x000061a4                packetbuf_hdrlen
 .any.text.packetbuf_totlen
                0x000061b4        0xc contiki-z1.a(packetbuf.o)
                0x000061b4                packetbuf_totlen
 .any.text.packetbuf_hdralloc
                0x000061c0       0x2a contiki-z1.a(packetbuf.o)
                0x000061c0                packetbuf_hdralloc
 .any.text.packetbuf_attr_clear
                0x000061ea       0x2c contiki-z1.a(packetbuf.o)
                0x000061ea                packetbuf_attr_clear
 .any.text.packetbuf_clear
                0x00006216       0x1a contiki-z1.a(packetbuf.o)
                0x00006216                packetbuf_clear
 .any.text.packetbuf_copyfrom
                0x00006230       0x2a contiki-z1.a(packetbuf.o)
                0x00006230                packetbuf_copyfrom
 .any.text.packetbuf_attr_copyto
                0x0000625a       0x20 contiki-z1.a(packetbuf.o)
                0x0000625a                packetbuf_attr_copyto
 .any.text.packetbuf_attr_copyfrom
                0x0000627a       0x22 contiki-z1.a(packetbuf.o)
                0x0000627a                packetbuf_attr_copyfrom
 .any.text.packetbuf_holds_broadcast
                0x0000629c        0xe contiki-z1.a(packetbuf.o)
                0x0000629c                packetbuf_holds_broadcast
 .any.text.queuebuf_init
                0x000062aa       0x12 contiki-z1.a(queuebuf.o)
                0x000062aa                queuebuf_init
 .any.text.queuebuf_new_from_packetbuf
                0x000062bc       0x4e contiki-z1.a(queuebuf.o)
                0x000062bc                queuebuf_new_from_packetbuf
 .any.text.queuebuf_update_attr_from_packetbuf
                0x0000630a       0x12 contiki-z1.a(queuebuf.o)
                0x0000630a                queuebuf_update_attr_from_packetbuf
 .any.text.queuebuf_update_from_packetbuf
                0x0000631c       0x22 contiki-z1.a(queuebuf.o)
                0x0000631c                queuebuf_update_from_packetbuf
 .any.text.queuebuf_free
                0x0000633e       0x2a contiki-z1.a(queuebuf.o)
                0x0000633e                queuebuf_free
 .any.text.queuebuf_to_packetbuf
                0x00006368       0x32 contiki-z1.a(queuebuf.o)
                0x00006368                queuebuf_to_packetbuf
 .any.text.queuebuf_attr
                0x0000639a        0xe contiki-z1.a(queuebuf.o)
                0x0000639a                queuebuf_attr
 .any.text.input_packet
                0x000063a8        0x6 contiki-z1.a(csma.o)
 .any.text.on   0x000063ae        0x6 contiki-z1.a(csma.o)
 .any.text.off  0x000063b4        0x6 contiki-z1.a(csma.o)
 .any.text.channel_check_interval
                0x000063ba       0x10 contiki-z1.a(csma.o)
 .any.text.transmit_packet_list
                0x000063ca       0x24 contiki-z1.a(csma.o)
 .any.text.init
                0x000063ee       0x1a contiki-z1.a(csma.o)
 .any.text.send_packet
                0x00006408      0x178 contiki-z1.a(csma.o)
 .any.text.free_packet
                0x00006580       0x90 contiki-z1.a(csma.o)
 .any.text.packet_sent
                0x00006610      0x112 contiki-z1.a(csma.o)
 .any.text.mac_call_sent_callback
                0x00006722       0x14 contiki-z1.a(mac.o)
                0x00006722                mac_call_sent_callback
 .any.text.duty_cycle
                0x00006736        0x6 contiki-z1.a(contikimac.o)
 .any.text.init
                0x0000673c       0x2a contiki-z1.a(contikimac.o)
 .any.text.on   0x00006766       0x1a contiki-z1.a(contikimac.o)
 .any.text.off  0x00006780       0x22 contiki-z1.a(contikimac.o)
 .any.text.recv_burst_off
                0x000067a2        0xa contiki-z1.a(contikimac.o)
 .any.text.turn_off
                0x000067ac       0x20 contiki-z1.a(contikimac.o)
 .any.text.turn_on
                0x000067cc       0x30 contiki-z1.a(contikimac.o)
 .any.text.schedule_powercycle_fixed.part.4
                0x000067fc       0x34 contiki-z1.a(contikimac.o)
 .any.text.powercycle_turn_radio_off
                0x00006830       0x30 contiki-z1.a(contikimac.o)
 .any.text.input_packet
                0x00006860       0xb6 contiki-z1.a(contikimac.o)
 .any.text.send_packet.isra.7
                0x00006916      0x1f0 contiki-z1.a(contikimac.o)
 .any.text.qsend_list
                0x00006b06       0xb0 contiki-z1.a(contikimac.o)
 .any.text.qsend_packet
                0x00006bb6       0x28 contiki-z1.a(contikimac.o)
 .any.text.powercycle
                0x00006bde      0x1d2 contiki-z1.a(contikimac.o)
 .any.text.hdr_length
                0x00006db0        0x8 contiki-z1.a(contikimac-fram)
 .any.text.parse
                0x00006db8       0x3a contiki-z1.a(contikimac-fram)
 .any.text.create
                0x00006df2       0x26 contiki-z1.a(contikimac-fram)
 .any.text.create_and_secure
                0x00006e18       0x62 contiki-z1.a(contikimac-fram)
 .any.text.bootstrap
                0x00006e7a        0x4 contiki-z1.a(nullsec.o)
 .any.text.send
                0x00006e7e        0xa contiki-z1.a(nullsec.o)
 .any.text.on_frame_created
                0x00006e88        0x4 contiki-z1.a(nullsec.o)
 .any.text.input
                0x00006e8c        0x6 contiki-z1.a(nullsec.o)
 .any.text.get_overhead
                0x00006e92        0x4 contiki-z1.a(nullsec.o)
 .any.text.i2c_receiveinit
                0x00006e96       0x36 contiki-z1.a(i2cmaster.o)
                0x00006e96                i2c_receiveinit
 .any.text.i2c_transmitinit
                0x00006ecc       0x30 contiki-z1.a(i2cmaster.o)
                0x00006ecc                i2c_transmitinit
 .any.text.i2c_receive_n
                0x00006efc       0x3e contiki-z1.a(i2cmaster.o)
                0x00006efc                i2c_receive_n
 .any.text.i2c_busy
                0x00006f3a        0xa contiki-z1.a(i2cmaster.o)
                0x00006f3a                i2c_busy
 .any.text.i2c_enable
                0x00006f44       0x22 contiki-z1.a(i2cmaster.o)
                0x00006f44                i2c_enable
 .any.text.i2c_transmit_n
                0x00006f66       0x14 contiki-z1.a(i2cmaster.o)
                0x00006f66                i2c_transmit_n
 .any.text.compower_accumulate
                0x00006f7a       0x6a contiki-z1.a(compower.o)
                0x00006f7a                compower_accumulate
 .any.text.compower_clear
                0x00006fe4       0x12 contiki-z1.a(compower.o)
                0x00006fe4                compower_clear
 .any.text.compower_attrconv
                0x00006ff6       0x10 contiki-z1.a(compower.o)
                0x00006ff6                compower_attrconv
 .any.text.memb_init
                0x00007006       0x36 contiki-z1.a(memb.o)
                0x00007006                memb_init
 .any.text.memb_alloc
                0x0000703c       0x3e contiki-z1.a(memb.o)
                0x0000703c                memb_alloc
 .any.text.memb_free
                0x0000707a       0x3a contiki-z1.a(memb.o)
                0x0000707a                memb_free
 .any.text.memb_inmemb
                0x000070b4       0x2a contiki-z1.a(memb.o)
                0x000070b4                memb_inmemb
 .any.text.random_rand
                0x000070de        0x6 contiki-z1.a(random.o)
                0x000070de                random_rand
 .any.text.abc_open
                0x000070e4       0x1e contiki-z1.a(abc.o)
                0x000070e4                abc_open
 .any.text.abc_send
                0x00007102        0x6 contiki-z1.a(abc.o)
                0x00007102                abc_send
 .any.text.abc_input
                0x00007108        0xe contiki-z1.a(abc.o)
                0x00007108                abc_input
 .any.text.abc_sent
                0x00007116       0x10 contiki-z1.a(abc.o)
                0x00007116                abc_sent
 .any.text.announcement_init
                0x00007126        0xa contiki-z1.a(announcement.o)
                0x00007126                announcement_init
 .any.text.announcement_register_observer_callback
                0x00007130        0x6 contiki-z1.a(announcement.o)
                0x00007130                announcement_register_observer_callback
 .any.text.announcement_list
                0x00007136        0xa contiki-z1.a(announcement.o)
                0x00007136                announcement_list
 .any.text.announcement_heard
                0x00007140       0x36 contiki-z1.a(announcement.o)
                0x00007140                announcement_heard
 .any.text.adv_packet_sent
                0x00007176        0x2 contiki-z1.a(broadcast-annou)
 .any.text.adv_packet_received
                0x00007178       0x56 contiki-z1.a(broadcast-annou)
 .any.text.set_timers
                0x000071ce       0x4a contiki-z1.a(broadcast-annou)
 .any.text.send_timer
                0x00007218       0x32 contiki-z1.a(broadcast-annou)
 .any.text.send_adv
                0x0000724a       0x60 contiki-z1.a(broadcast-annou)
 .any.text.new_announcement
                0x000072aa       0x18 contiki-z1.a(broadcast-annou)
 .any.text.broadcast_announcement_init
                0x000072c2       0x44 contiki-z1.a(broadcast-annou)
                0x000072c2                broadcast_announcement_init
 .any.text.sent_by_abc
                0x00007306       0x10 contiki-z1.a(broadcast.o)
 .any.text.recv_from_abc
                0x00007316       0x26 contiki-z1.a(broadcast.o)
 .any.text.broadcast_open
                0x0000733c       0x22 contiki-z1.a(broadcast.o)
                0x0000733c                broadcast_open
 .any.text.broadcast_send
                0x0000735e       0x1a contiki-z1.a(broadcast.o)
                0x0000735e                broadcast_send
 .any.text.chameleon_init
                0x00007378        0x6 contiki-z1.a(chameleon.o)
                0x00007378                chameleon_init
 .any.text.chameleon_parse
                0x0000737e       0x10 contiki-z1.a(chameleon.o)
                0x0000737e                chameleon_parse
 .any.text.chameleon_create
                0x0000738e       0x1c contiki-z1.a(chameleon.o)
                0x0000738e                chameleon_create
 .any.text.chameleon_hdrsize
                0x000073aa        0x6 contiki-z1.a(chameleon.o)
                0x000073aa                chameleon_hdrsize
 .any.text.channel_init
                0x000073b0        0xa contiki-z1.a(channel.o)
                0x000073b0                channel_init
 .any.text.channel_open
                0x000073ba       0x10 contiki-z1.a(channel.o)
                0x000073ba                channel_open
 .any.text.channel_lookup
                0x000073ca       0x20 contiki-z1.a(channel.o)
                0x000073ca                channel_lookup
 .any.text.channel_set_attributes
                0x000073ea       0x20 contiki-z1.a(channel.o)
                0x000073ea                channel_set_attributes
 .any.text.create_frame.isra.0
                0x0000740a      0x100 contiki-z1.a(framer-802154.o)
 .any.text.create
                0x0000750a        0x8 contiki-z1.a(framer-802154.o)
 .any.text.hdr_length
                0x00007512        0x8 contiki-z1.a(framer-802154.o)
 .any.text.parse
                0x0000751a       0xa4 contiki-z1.a(framer-802154.o)
 .any.text.framer_canonical_create_and_secure
                0x000075be       0x20 contiki-z1.a(framer.o)
                0x000075be                framer_canonical_create_and_secure
 .any.text.mac_sequence_is_duplicate
                0x000075de       0x36 contiki-z1.a(mac-sequence.o)
                0x000075de                mac_sequence_is_duplicate
 .any.text.mac_sequence_register_seqno
                0x00007614       0x58 contiki-z1.a(mac-sequence.o)
                0x00007614                mac_sequence_register_seqno
 .any.text.header_size
                0x0000766c       0x16 contiki-z1.a(chameleon-bitop)
 .any.text.get_bits_in_byte
                0x00007682       0x36 contiki-z1.a(chameleon-bitop)
                0x00007682                get_bits_in_byte
 .any.text.get_bits
                0x000076b8       0x8a contiki-z1.a(chameleon-bitop)
                0x000076b8                get_bits
 .any.text.unpack_header
                0x00007742       0xb4 contiki-z1.a(chameleon-bitop)
 .any.text.set_bits_in_byte
                0x000077f6       0x2a contiki-z1.a(chameleon-bitop)
                0x000077f6                set_bits_in_byte
 .any.text.set_bits
                0x00007820       0x98 contiki-z1.a(chameleon-bitop)
                0x00007820                set_bits
 .any.text.pack_header
                0x000078b8       0xa0 contiki-z1.a(chameleon-bitop)
 .any.text.field_len
                0x00007958       0x8c contiki-z1.a(frame802154.o)
 .any.text.frame802154_hdrlen
                0x000079e4       0x2e contiki-z1.a(frame802154.o)
                0x000079e4                frame802154_hdrlen
 .any.text.frame802154_create
                0x00007a12      0x112 contiki-z1.a(frame802154.o)
                0x00007a12                frame802154_create
 .any.text.frame802154_parse
                0x00007b24      0x16c contiki-z1.a(frame802154.o)
                0x00007b24                frame802154_parse

.rodata         0x00007c90      0x354
                0x00007c90                . = ALIGN (0x2)
 *(.rodata .rodata.* .gnu.linkonce.r.*)
 .rodata.process_thread_test_button_process
                0x00007c90       0x53 test-phidgets.co
 *fill*         0x00007ce3        0x1 00
 .rodata.autostart_processes
                0x00007ce4        0x4 test-phidgets.co
                0x00007ce4                autostart_processes
 .rodata        0x00007ce8       0x17 test-phidgets.co
 .rodata        0x00007cff      0x112 obj_z1/contiki-z1-main.o
 *fill*         0x00007e11        0x3 00
 .rodata.get_value
                0x00007e14       0x38 contiki-z1.a(cc2420.o)
 .rodata.cc2420_driver
                0x00007e4c       0x38 contiki-z1.a(cc2420.o)
                0x00007e4c                cc2420_driver
 .rodata        0x00007e84        0xe contiki-z1.a(cc2420.o)
 .rodata.output_power
                0x00007e92       0x10 contiki-z1.a(cc2420.o)
 .rodata        0x00007ea2        0x8 contiki-z1.a(sensors.o)
 .rodata        0x00007eaa        0x7 contiki-z1.a(button-sensor.o)
 *fill*         0x00007eb1        0x1 00
 .rodata.button_sensor
                0x00007eb2        0xe contiki-z1.a(button-sensor.o)
                0x00007eb2                button_sensor
 .rodata        0x00007ec0        0x9 contiki-z1.a(z1-phidgets.o)
 *fill*         0x00007ec9        0x1 00
 .rodata.phidgets
                0x00007eca        0xe contiki-z1.a(z1-phidgets.o)
                0x00007eca                phidgets
 .rodata        0x00007ed8       0x16 contiki-z1.a(adxl345.o)
 .rodata        0x00007eee        0xf contiki-z1.a(ctimer.o)
 .rodata        0x00007efd        0xc contiki-z1.a(etimer.o)
 .rodata        0x00007f09        0xe contiki-z1.a(serial-line.o)
 .rodata        0x00007f17        0x5 contiki-z1.a(rime.o)
 .rodata.rime_driver
                0x00007f1c        0xa contiki-z1.a(rime.o)
                0x00007f1c                rime_driver
 .rodata.linkaddr_null
                0x00007f26        0x2 contiki-z1.a(linkaddr.o)
                0x00007f26                linkaddr_null
 .rodata        0x00007f28        0x5 contiki-z1.a(csma.o)
 *fill*         0x00007f2d        0x1 00
 .rodata.csma_driver
                0x00007f2e       0x1a contiki-z1.a(csma.o)
                0x00007f2e                csma_driver
 .rodata        0x00007f48        0xb contiki-z1.a(contikimac.o)
 *fill*         0x00007f53        0x1 00
 .rodata.contikimac_driver
                0x00007f54       0x1e contiki-z1.a(contikimac.o)
                0x00007f54                contikimac_driver
 .rodata.contikimac_framer
                0x00007f72       0x10 contiki-z1.a(contikimac-fram)
                0x00007f72                contikimac_framer
 .rodata        0x00007f82        0x8 contiki-z1.a(nullsec.o)
 .rodata.nullsec_driver
                0x00007f8a       0x16 contiki-z1.a(nullsec.o)
                0x00007f8a                nullsec_driver
 .rodata.attributes
                0x00007fa0        0x2 contiki-z1.a(abc.o)
 .rodata.broadcast_callbacks
                0x00007fa2        0x8 contiki-z1.a(broadcast-annou)
 .rodata.broadcast
                0x00007faa        0x8 contiki-z1.a(broadcast.o)
 .rodata.attributes
                0x00007fb2        0x4 contiki-z1.a(broadcast.o)
 .rodata.framer_802154
                0x00007fb6       0x10 contiki-z1.a(framer-802154.o)
                0x00007fb6                framer_802154
 .rodata.chameleon_bitopt
                0x00007fc6        0xc contiki-z1.a(chameleon-bitop)
                0x00007fc6                chameleon_bitopt
 .rodata.bitmask
                0x00007fd2        0x9 contiki-z1.a(chameleon-bitop)
 .rodata.CSWTCH.5
                0x00007fdb        0x2 contiki-z1.a(frame802154.o)
 .rodata.vuprintf
                0x00007fdd        0x7 /usr/local/msp430/bin/../lib/gcc/msp430/4.7.0/../../../../msp430/lib/mcpu-430x/mmpy-16/msr20/mc20/libc.a(vuprintf.o)
 *(.near.rodata .near.rodata.*)
                0x00007fe4                . = ALIGN (0x2)
                0x00007fe4                _etext = .

.data           0x00001100       0xa2 load address 0x00007fe4
                0x00001100                . = ALIGN (0x2)
                0x00001100                __data_start = .
 *(.data .data.* .gnu.linkonce.d.*)
 .data.test_button_process
                0x00001100        0xc test-phidgets.co
                0x00001100                test_button_process
 .data.baseY    0x0000110c        0x2 test-phidgets.co
                0x0000110c                baseY
 .data.baseX    0x0000110e        0x2 test-phidgets.co
                0x0000110e                baseX
 .data.sensors  0x00001110        0x4 obj_z1/contiki-z1-main.o
                0x00001110                sensors
 .data.cur_break
                0x00001114        0x2 contiki-z1.a(msp430.o)
 .data.cc2420_process
                0x00001116        0xc contiki-z1.a(cc2420.o)
                0x00001116                cc2420_process
 .data.sensors_process
                0x00001122        0xc contiki-z1.a(sensors.o)
                0x00001122                sensors_process
 .data.accmeter_process
                0x0000112e        0xc contiki-z1.a(adxl345.o)
                0x0000112e                accmeter_process
 .data.adxl345_default_settings
                0x0000113a       0x16 contiki-z1.a(adxl345.o)
 .data.ctimer_process
                0x00001150        0xc contiki-z1.a(ctimer.o)
                0x00001150                ctimer_process
 .data.etimer_process
                0x0000115c        0xc contiki-z1.a(etimer.o)
                0x0000115c                etimer_process
 .data.serial_line_process
                0x00001168        0xc contiki-z1.a(serial-line.o)
                0x00001168                serial_line_process
 .data.buframmem
                0x00001174        0x8 contiki-z1.a(queuebuf.o)
 .data.bufmem   0x0000117c        0x8 contiki-z1.a(queuebuf.o)
 .data.neighbor_memb
                0x00001184        0x8 contiki-z1.a(csma.o)
 .data.packet_memb
                0x0000118c        0x8 contiki-z1.a(csma.o)
 .data.metadata_memb
                0x00001194        0x8 contiki-z1.a(csma.o)
 .data.prescale_lsb
                0x0000119c        0x1 contiki-z1.a(i2cmaster.o)
                0x0000119c                prescale_lsb
 *fill*         0x0000119d        0x1 00
 .data.next     0x0000119e        0x4 /usr/local/msp430/bin/../lib/gcc/msp430/4.7.0/../../../../msp430/lib/mcpu-430x/mmpy-16/msr20/mc20/libc.a(rand.o)
 *(.near.data .near.data.*)
                0x000011a2                . = ALIGN (0x2)
                0x000011a2                _edata = .
                0x00007fe4                __data_load_start = LOADADDR (.data)
                0x000000a2                __data_size = SIZEOF (.data)

.bss            0x000011a2      0xaee load address 0x00008086
                0x000011a2                __bss_start = .
 *(.bss .bss.*)
 .bss.et.1993   0x000011a2        0xc test-phidgets.co
 .bss.irq_energest.3897
                0x000011ae        0x4 obj_z1/contiki-z1-main.o
 .bss.leds      0x000011b2        0x1 contiki-z1.a(leds.o)
 *fill*         0x000011b3        0x1 00
 .bss.counter   0x000011b4        0x2 contiki-z1.a(watchdog.o)
 .bss.last_packet_timestamp
                0x000011b6        0x2 contiki-z1.a(cc2420.o)
 .bss.receive_on
                0x000011b8        0x1 contiki-z1.a(cc2420.o)
 .bss.locked    0x000011b9        0x1 contiki-z1.a(cc2420.o)
 .bss.lock_off  0x000011ba        0x1 contiki-z1.a(cc2420.o)
 .bss.lock_on   0x000011bb        0x1 contiki-z1.a(cc2420.o)
 .bss.channel   0x000011bc        0x2 contiki-z1.a(cc2420.o)
 .bss.node_id   0x000011be        0x2 contiki-z1.a(node-id.o)
                0x000011be                node_id
 .bss.num_sensors
                0x000011c0        0x1 contiki-z1.a(sensors.o)
 *fill*         0x000011c1        0x1 00
 .bss.i.2078    0x000011c2        0x2 contiki-z1.a(sensors.o)
 .bss.events.2079
                0x000011c4        0x2 contiki-z1.a(sensors.o)
 .bss.debouncetimer
                0x000011c6        0x8 contiki-z1.a(button-sensor.o)
 .bss.transmitting
                0x000011ce        0x1 contiki-z1.a(uart0.o)
 *fill*         0x000011cf        0x1 00
 .bss.uart0_input_handler
                0x000011d0        0x4 contiki-z1.a(uart0.o)
 .bss.active    0x000011d4        0x1 contiki-z1.a(z1-phidgets.o)
 .bss.adc_on    0x000011d5        0x1 contiki-z1.a(z1-phidgets.o)
 .bss.int1_mask
                0x000011d6        0x2 contiki-z1.a(adxl345.o)
 .bss.int2_mask
                0x000011d8        0x2 contiki-z1.a(adxl345.o)
 .bss._ADXL345_STATUS
                0x000011da        0x2 contiki-z1.a(adxl345.o)
 .bss.suppressTimer1
                0x000011dc        0x8 contiki-z1.a(adxl345.o)
 .bss.suppressTimer2
                0x000011e4        0x8 contiki-z1.a(adxl345.o)
 .bss.last_tar  0x000011ec        0x2 contiki-z1.a(clock.o)
 .bss.count     0x000011ee        0x4 contiki-z1.a(clock.o)
 .bss.seconds   0x000011f2        0x4 contiki-z1.a(clock.o)
 .bss.initialized
                0x000011f6        0x1 contiki-z1.a(ctimer.o)
 *fill*         0x000011f7        0x1 00
 .bss.ctimer_list_list
                0x000011f8        0x2 contiki-z1.a(ctimer.o)
 .bss.timerlist
                0x000011fa        0x2 contiki-z1.a(etimer.o)
 .bss.next_expiration
                0x000011fc        0x4 contiki-z1.a(etimer.o)
 .bss.poll_requested
                0x00001200        0x1 contiki-z1.a(process.o)
 *fill*         0x00001201        0x1 00
 .bss.process_current
                0x00001202        0x2 contiki-z1.a(process.o)
                0x00001202                process_current
 .bss.process_list
                0x00001204        0x2 contiki-z1.a(process.o)
                0x00001204                process_list
 .bss.lastevent
                0x00001206        0x1 contiki-z1.a(process.o)
 .bss.fevent    0x00001207        0x1 contiki-z1.a(process.o)
 .bss.nevents   0x00001208        0x1 contiki-z1.a(process.o)
 *fill*         0x00001209        0x1 00
 .bss.events    0x0000120a       0x30 contiki-z1.a(process.o)
 .bss.ev.1857   0x0000123a        0x1 contiki-z1.a(process.o)
 *fill*         0x0000123b        0x1 00
 .bss.data.1858
                0x0000123c        0x2 contiki-z1.a(process.o)
 .bss.receiver.1859
                0x0000123e        0x2 contiki-z1.a(process.o)
 .bss.p.1860    0x00001240        0x2 contiki-z1.a(process.o)
 .bss.snum.1875
                0x00001242        0x1 contiki-z1.a(process.o)
 *fill*         0x00001243        0x1 00
 .bss.next_rtimer
                0x00001244        0x2 contiki-z1.a(rtimer.o)
 .bss.overflow.2056
                0x00001246        0x1 contiki-z1.a(serial-line.o)
 *fill*         0x00001247        0x1 00
 .bss.rxbuf     0x00001248        0x6 contiki-z1.a(serial-line.o)
 .bss.ptr.2063  0x0000124e        0x2 contiki-z1.a(serial-line.o)
 .bss.buf.2062  0x00001250       0x80 contiki-z1.a(serial-line.o)
 .bss.rxbuf_data
                0x000012d0       0x80 contiki-z1.a(serial-line.o)
 .bss.sniffers_list
                0x00001350        0x2 contiki-z1.a(rime.o)
 .bss.bufptr    0x00001352        0x2 contiki-z1.a(packetbuf.o)
 .bss.buflen    0x00001354        0x2 contiki-z1.a(packetbuf.o)
 .bss.hdrptr    0x00001356        0x1 contiki-z1.a(packetbuf.o)
 *fill*         0x00001357        0x1 00
 .bss.packetbufptr
                0x00001358        0x2 contiki-z1.a(packetbuf.o)
 .bss.packetbuf_aligned
                0x0000135a       0xb0 contiki-z1.a(packetbuf.o)
 .bss.buframmem_memb_count
                0x0000140a        0x8 contiki-z1.a(queuebuf.o)
 .bss.buframmem_memb_mem
                0x00001412      0x5f0 contiki-z1.a(queuebuf.o)
 .bss.bufmem_memb_count
                0x00001a02        0x8 contiki-z1.a(queuebuf.o)
 .bss.bufmem_memb_mem
                0x00001a0a       0x10 contiki-z1.a(queuebuf.o)
 .bss.initialized.2880
                0x00001a1a        0x1 contiki-z1.a(csma.o)
 *fill*         0x00001a1b        0x1 00
 .bss.seqno.2881
                0x00001a1c        0x2 contiki-z1.a(csma.o)
 .bss.neighbor_list_list
                0x00001a1e        0x2 contiki-z1.a(csma.o)
 .bss.neighbor_memb_memb_count
                0x00001a20        0x2 contiki-z1.a(csma.o)
 .bss.neighbor_memb_memb_mem
                0x00001a22       0x44 contiki-z1.a(csma.o)
 .bss.packet_memb_memb_count
                0x00001a66        0x8 contiki-z1.a(csma.o)
 .bss.packet_memb_memb_mem
                0x00001a6e       0x30 contiki-z1.a(csma.o)
 .bss.metadata_memb_memb_count
                0x00001a9e        0x8 contiki-z1.a(csma.o)
 .bss.metadata_memb_memb_mem
                0x00001aa6       0x40 contiki-z1.a(csma.o)
 .bss.cycle_start
                0x00001ae6        0x2 contiki-z1.a(contikimac.o)
 .bss.radio_is_on
                0x00001ae8        0x1 contiki-z1.a(contikimac.o)
 .bss.we_are_sending
                0x00001ae9        0x1 contiki-z1.a(contikimac.o)
 .bss.contikimac_keep_radio_on
                0x00001aea        0x1 contiki-z1.a(contikimac.o)
 .bss.contikimac_is_on
                0x00001aeb        0x1 contiki-z1.a(contikimac.o)
 .bss.rt        0x00001aec        0x8 contiki-z1.a(contikimac.o)
 .bss.pt        0x00001af4        0x2 contiki-z1.a(contikimac.o)
 .bss.packet_seen.3618
                0x00001af6        0x1 contiki-z1.a(contikimac.o)
 .bss.count.3619
                0x00001af7        0x1 contiki-z1.a(contikimac.o)
 .bss.we_are_receiving_burst
                0x00001af8        0x2 contiki-z1.a(contikimac.o)
 .bss.start.3624
                0x00001afa        0x2 contiki-z1.a(contikimac.o)
 .bss.silence_periods.3625
                0x00001afc        0x1 contiki-z1.a(contikimac.o)
 .bss.periods.3626
                0x00001afd        0x1 contiki-z1.a(contikimac.o)
 .bss.ct.3698   0x00001afe       0x16 contiki-z1.a(contikimac.o)
 .bss.current_packet
                0x00001b14        0x8 contiki-z1.a(contikimac.o)
 .bss.tx_byte_tot
                0x00001b1c        0x1 contiki-z1.a(i2cmaster.o)
 .bss.rx_byte_tot
                0x00001b1d        0x1 contiki-z1.a(i2cmaster.o)
 .bss.prescale_msb
                0x00001b1e        0x1 contiki-z1.a(i2cmaster.o)
                0x00001b1e                prescale_msb
 *fill*         0x00001b1f        0x1 00
 .bss.last_listen.2538
                0x00001b20        0x4 contiki-z1.a(compower.o)
 .bss.last_transmit.2539
                0x00001b24        0x4 contiki-z1.a(compower.o)
 .bss.announcements_list
                0x00001b28        0x2 contiki-z1.a(announcement.o)
 .bss.observer_callback
                0x00001b2a        0x4 contiki-z1.a(announcement.o)
 .bss.c         0x00001b2e       0x4a contiki-z1.a(broadcast-annou)
 .bss.channel_list_list
                0x00001b78        0x2 contiki-z1.a(channel.o)
 .bss.initialized
                0x00001b7a        0x1 contiki-z1.a(framer-802154.o)
 .bss.mac_dsn   0x00001b7b        0x1 contiki-z1.a(framer-802154.o)
 .bss.received_seqnos
                0x00001b7c       0x40 contiki-z1.a(mac-sequence.o)
 *(.near.bss .near.bss.*)
 *(COMMON)
 COMMON         0x00001bbc        0x2 obj_z1/contiki-z1-main.o
                0x00001bbc                sensors_flags
 COMMON         0x00001bbe       0x10 contiki-z1.a(cc2420.o)
                0x00001bbe                cc2420_last_rssi
                0x00001bc0                cc2420_sfd_start_time
                0x00001bc2                cc2420_time_of_departure
                0x00001bc4                cc2420_time_of_arrival
                0x00001bc6                cc2420_last_correlation
                0x00001bc8                cc2420_authority_level_of_sender
                0x00001bca                cc2420_sfd_counter
                0x00001bcc                cc2420_sfd_end_time
 COMMON         0x00001bce        0x8 contiki-z1.a(node-id.o)
                0x00001bce                node_mac
 COMMON         0x00001bd6        0x1 contiki-z1.a(sensors.o)
                0x00001bd6                sensors_event
 *fill*         0x00001bd7        0x1 00
 COMMON         0x00001bd8        0xb contiki-z1.a(adxl345.o)
                0x00001bd8                accm_int2_cb
                0x00001bdc                int2_event
                0x00001bde                accm_int1_cb
                0x00001be2                int1_event
 *fill*         0x00001be3        0x1 00
 COMMON         0x00001be4       0x56 contiki-z1.a(energest.o)
                0x00001be4                energest_total_time
                0x00001c14                energest_total_count
                0x00001c16                energest_current_mode
                0x00001c22                energest_current_time
 COMMON         0x00001c3a        0x1 contiki-z1.a(process.o)
                0x00001c3a                process_maxevents
 COMMON         0x00001c3b        0x1 contiki-z1.a(serial-line.o)
                0x00001c3b                serial_line_event_message
 COMMON         0x00001c3c        0x2 contiki-z1.a(linkaddr.o)
                0x00001c3c                linkaddr_node_addr
 COMMON         0x00001c3e       0x3c contiki-z1.a(packetbuf.o)
                0x00001c3e                packetbuf_addrs
                0x00001c46                packetbuf_attrs
 COMMON         0x00001c7a        0xe contiki-z1.a(i2cmaster.o)
                0x00001c7a                transmit_data1
                0x00001c7b                rx_byte_ctr
                0x00001c7c                tx_buf_ptr
                0x00001c7e                tx_byte_ctr
                0x00001c80                i
                0x00001c82                receive_data
                0x00001c83                rx_buf
                0x00001c85                transmit_data2
                0x00001c86                rx_buf_ptr
 COMMON         0x00001c88        0x8 contiki-z1.a(compower.o)
                0x00001c88                compower_idle_activity
                0x00001c90                . = ALIGN (0x2)
                0x00001c90                __bss_end = .
                0x00000aee                __bss_size = SIZEOF (.bss)

.noinit         0x00001c90        0x2 load address 0x00008086
                0x00001c90                . = ALIGN (0x2)
                0x00001c90                __noinit_start = .
 *(.noinit .noinit.*)
 .noinit.crt0   0x00001c90        0x2 /usr/local/msp430/bin/../lib/gcc/msp430/4.7.0/mcpu-430x/mmpy-16/msr20/mc20/libcrt0.a(__watchdog_support.o)
                0x00001c90                __wdt_clear_value
                0x00001c92                . = ALIGN (0x2)
                0x00001c92                __noinit_end = .
                0x00001c92                . = ALIGN (0x2)
                0x00001c92                _end = .

.infomem        0x00001000        0x0
                0x00001000                . = ALIGN (0x2)
 *(.infomem .infomem.*)

.infomemnobits  0x00001000        0x0
                0x00001000                . = ALIGN (0x2)
 *(.infomemnobits .infomemnobits.*)

.infoa          0x000010c0        0x0
                0x000010c0                . = ALIGN (0x2)
 *(.infoa .infoa.*)

.infob          0x00001080        0x0
                0x00001080                . = ALIGN (0x2)
 *(.infob .infob.*)

.infoc          0x00001040        0x0
                0x00001040                . = ALIGN (0x2)
 *(.infoc .infoc.*)

.infod          0x00001000        0x0
                0x00001000                . = ALIGN (0x2)
 *(.infod .infod.*)

.vectors        0x0000ffc0       0x40
                0x0000ffc0                __vectors_start = .
 *(.vectors*)
 .vectors       0x0000ffc0       0x40 /usr/local/msp430/bin/../lib/gcc/msp430/4.7.0/mcpu-430x/mmpy-16/msr20/mc20/crt0ivtbl32.o
                0x0000ffc0                __ivtbl_32
                0x00010000                _vectors_end = .

.fartext        0x00010000        0x0
                0x00010000                . = ALIGN (0x2)
 *(.fartext .fartext.*)

.far.text       0x00010000        0x0
                0x00010000                . = ALIGN (0x2)
 *(.far.text .far.text.*)

.far.rodata     0x00010000        0x0
                0x00010000                . = ALIGN (0x2)
 *(.far.rodata .far.rodata.*)
                0x00010000                . = ALIGN (0x2)
                0x00010000                _efartext = .

.far.data       0x00000000        0x0 load address 0x00010000
                0x00000000                . = ALIGN (0x2)
                0x00000000                __far_data_start = .
 *(.far.data .far.data.*)
                0x00000000                . = ALIGN (0x2)
                0x00000000                _efardata = .
                0x00010000                __far_data_load_start = LOADADDR (.far.data)
                0x00000000                __far_data_size = SIZEOF (.far.data)

.far.bss        0x00000000        0x0 load address 0x00010000
                0x00000000                . = ALIGN (0x2)
                0x00000000                __far_bss_start = .
 *(.far.bss .far.bss.*)
                0x00000000                . = ALIGN (0x2)
                0x00000000                __far_bss_end = .
                0x00000000                __far_bss_size = SIZEOF (.far.bss)
                0x00000000                . = ALIGN (0x2)
                0x00000000                _far_end = .

.profiler
 *(.profiler)

.stab           0x00000000    0x19e9c
 *(.stab)
 .stab          0x00000000      0x9e4 test-phidgets.co
 .stab          0x000009e4     0x129c obj_z1/contiki-z1-main.o
                               0x1800 (size before relaxing)
 .stab          0x00001c80      0x270 contiki-z1.a(contiki-z1-plat)
                                0x5ac (size before relaxing)
 .stab          0x00001ef0      0x498 contiki-z1.a(msp430.o)
                                0x804 (size before relaxing)
 .stab          0x00002388      0x5a0 contiki-z1.a(leds.o)
                                0x804 (size before relaxing)
 .stab          0x00002928      0x3cc contiki-z1.a(watchdog.o)
                                0x738 (size before relaxing)
 .stab          0x00002cf4      0x99c contiki-z1.a(xmem.o)
                                0xef4 (size before relaxing)
 .stab          0x00003690      0x27c contiki-z1.a(spi.o)
                                0x5e8 (size before relaxing)
 .stab          0x0000390c     0x2598 contiki-z1.a(cc2420.o)
                               0x2c70 (size before relaxing)
 .stab          0x00005ea4      0xba0 contiki-z1.a(cc2420-arch.o)
                               0x138c (size before relaxing)
 .stab          0x00006a44      0x300 contiki-z1.a(node-id.o)
                                0x6f0 (size before relaxing)
 .stab          0x00006d44      0x684 contiki-z1.a(sensors.o)
                                0xbd0 (size before relaxing)
 .stab          0x000073c8      0x468 contiki-z1.a(button-sensor.o)
                                0x7ec (size before relaxing)
 .stab          0x00007830      0x504 contiki-z1.a(uart0.o)
                                0xa2c (size before relaxing)
 .stab          0x00007d34      0x264 contiki-z1.a(uart0-putchar.o)
                                0x7a4 (size before relaxing)
 .stab          0x00007f98      0x4f8 contiki-z1.a(z1-phidgets.o)
                                0x87c (size before relaxing)
 .stab          0x00008490      0xb04 contiki-z1.a(adxl345.o)
                               0x1134 (size before relaxing)
 .stab          0x00008f94      0x930 contiki-z1.a(clock.o)
                                0xc9c (size before relaxing)
 .stab          0x000098c4      0x378 contiki-z1.a(leds-arch.o)
                                0x6e4 (size before relaxing)
 .stab          0x00009c3c      0x3b4 contiki-z1.a(rtimer-arch.o)
                                0x720 (size before relaxing)
 .stab          0x00009ff0      0x294 contiki-z1.a(autostart.o)
                                0x54c (size before relaxing)
 .stab          0x0000a284      0x78c contiki-z1.a(ctimer.o)
                                0xb10 (size before relaxing)
 .stab          0x0000aa10      0x48c contiki-z1.a(energest.o)
                                0x72c (size before relaxing)
 .stab          0x0000ae9c      0x9fc contiki-z1.a(etimer.o)
                                0xce4 (size before relaxing)
 .stab          0x0000b898      0xb70 contiki-z1.a(process.o)
                               0x1020 (size before relaxing)
 .stab          0x0000c408      0x3cc contiki-z1.a(rtimer.o)
                                0x6cc (size before relaxing)
 .stab          0x0000c7d4      0x348 contiki-z1.a(timer.o)
                                0x5a0 (size before relaxing)
 .stab          0x0000cb1c      0x51c contiki-z1.a(serial-line.o)
                                0xa50 (size before relaxing)
 .stab          0x0000d038      0x7bc contiki-z1.a(list.o)
                                0x7c8 (size before relaxing)
 .stab          0x0000d7f4      0x3f0 contiki-z1.a(ringbuf.o)
                                0x648 (size before relaxing)
 .stab          0x0000dbe4      0xcb4 contiki-z1.a(rime.o)
                               0x1410 (size before relaxing)
 .stab          0x0000e898      0x2ac contiki-z1.a(linkaddr.o)
                                0x6c0 (size before relaxing)
 .stab          0x0000eb44      0xd74 contiki-z1.a(packetbuf.o)
                               0x1bd8 (size before relaxing)
 .stab          0x0000f8b8      0xa38 contiki-z1.a(queuebuf.o)
                               0x1884 (size before relaxing)
 .stab          0x000102f0      0xdec contiki-z1.a(csma.o)
                               0x15b4 (size before relaxing)
 .stab          0x000110dc      0x1f8 contiki-z1.a(mac.o)
                                0x504 (size before relaxing)
 .stab          0x000112d4     0x17ac contiki-z1.a(contikimac.o)
                               0x23d0 (size before relaxing)
 .stab          0x00012a80      0x6d8 contiki-z1.a(contikimac-fram)
                                0xf30 (size before relaxing)
 .stab          0x00013158      0x684 contiki-z1.a(nullsec.o)
                                0xd98 (size before relaxing)
 .stab          0x000137dc      0x84c contiki-z1.a(i2cmaster.o)
                                0xbb8 (size before relaxing)
 .stab          0x00014028      0x4ec contiki-z1.a(compower.o)
                                0xd08 (size before relaxing)
 .stab          0x00014514      0x5c4 contiki-z1.a(memb.o)
                                0xb10 (size before relaxing)
 .stab          0x00014ad8      0x21c contiki-z1.a(random.o)
                                0x630 (size before relaxing)
 .stab          0x00014cf4      0x660 contiki-z1.a(abc.o)
                               0x14ac (size before relaxing)
 .stab          0x00015354      0x6b4 contiki-z1.a(announcement.o)
                                0x96c (size before relaxing)
 .stab          0x00015a08      0x96c contiki-z1.a(broadcast-annou)
                               0x15d8 (size before relaxing)
 .stab          0x00016374      0x6cc contiki-z1.a(broadcast.o)
                               0x1518 (size before relaxing)
 .stab          0x00016a40      0x5dc contiki-z1.a(chameleon.o)
                               0x1248 (size before relaxing)
 .stab          0x0001701c      0x600 contiki-z1.a(channel.o)
                               0x1290 (size before relaxing)
 .stab          0x0001761c      0x918 contiki-z1.a(framer-802154.o)
                                0xf6c (size before relaxing)
 .stab          0x00017f34      0x318 contiki-z1.a(framer.o)
                                0xc6c (size before relaxing)
 .stab          0x0001824c      0x60c contiki-z1.a(mac-sequence.o)
                               0x1470 (size before relaxing)
 .stab          0x00018858      0xd50 contiki-z1.a(chameleon-bitop)
                               0x19e0 (size before relaxing)
 .stab          0x000195a8      0x8f4 contiki-z1.a(frame802154.o)
                               0x10e0 (size before relaxing)

.stabstr        0x00000000    0x1647e
 *(.stabstr)
 .stabstr       0x00000000    0x1647e test-phidgets.co

.stab.excl
 *(.stab.excl)

.stab.exclstr
 *(.stab.exclstr)

.stab.index
 *(.stab.index)

.stab.indexstr
 *(.stab.indexstr)

.comment        0x00000000       0x30
 *(.comment)
 .comment       0x00000000       0x30 test-phidgets.co
                                 0x31 (size before relaxing)
 .comment       0x00000000       0x31 obj_z1/contiki-z1-main.o
 .comment       0x00000000       0x31 contiki-z1.a(contiki-z1-plat)
 .comment       0x00000000       0x31 contiki-z1.a(msp430.o)
 .comment       0x00000000       0x31 contiki-z1.a(leds.o)
 .comment       0x00000000       0x31 contiki-z1.a(watchdog.o)
 .comment       0x00000000       0x31 contiki-z1.a(xmem.o)
 .comment       0x00000000       0x31 contiki-z1.a(spi.o)
 .comment       0x00000000       0x31 contiki-z1.a(cc2420.o)
 .comment       0x00000000       0x31 contiki-z1.a(cc2420-arch.o)
 .comment       0x00000000       0x31 contiki-z1.a(node-id.o)
 .comment       0x00000000       0x31 contiki-z1.a(sensors.o)
 .comment       0x00000000       0x31 contiki-z1.a(button-sensor.o)
 .comment       0x00000000       0x31 contiki-z1.a(uart0.o)
 .comment       0x00000000       0x31 contiki-z1.a(uart0-putchar.o)
 .comment       0x00000000       0x31 contiki-z1.a(z1-phidgets.o)
 .comment       0x00000000       0x31 contiki-z1.a(adxl345.o)
 .comment       0x00000000       0x31 contiki-z1.a(clock.o)
 .comment       0x00000000       0x31 contiki-z1.a(leds-arch.o)
 .comment       0x00000000       0x31 contiki-z1.a(rtimer-arch.o)
 .comment       0x00000000       0x31 contiki-z1.a(autostart.o)
 .comment       0x00000000       0x31 contiki-z1.a(ctimer.o)
 .comment       0x00000000       0x31 contiki-z1.a(energest.o)
 .comment       0x00000000       0x31 contiki-z1.a(etimer.o)
 .comment       0x00000000       0x31 contiki-z1.a(process.o)
 .comment       0x00000000       0x31 contiki-z1.a(rtimer.o)
 .comment       0x00000000       0x31 contiki-z1.a(timer.o)
 .comment       0x00000000       0x31 contiki-z1.a(serial-line.o)
 .comment       0x00000000       0x31 contiki-z1.a(list.o)
 .comment       0x00000000       0x31 contiki-z1.a(ringbuf.o)
 .comment       0x00000000       0x31 contiki-z1.a(rime.o)
 .comment       0x00000000       0x31 contiki-z1.a(linkaddr.o)
 .comment       0x00000000       0x31 contiki-z1.a(packetbuf.o)
 .comment       0x00000000       0x31 contiki-z1.a(queuebuf.o)
 .comment       0x00000000       0x31 contiki-z1.a(csma.o)
 .comment       0x00000000       0x31 contiki-z1.a(mac.o)
 .comment       0x00000000       0x31 contiki-z1.a(contikimac.o)
 .comment       0x00000000       0x31 contiki-z1.a(contikimac-fram)
 .comment       0x00000000       0x31 contiki-z1.a(nullsec.o)
 .comment       0x00000000       0x31 contiki-z1.a(i2cmaster.o)
 .comment       0x00000000       0x31 contiki-z1.a(compower.o)
 .comment       0x00000000       0x31 contiki-z1.a(memb.o)
 .comment       0x00000000       0x31 contiki-z1.a(random.o)
 .comment       0x00000000       0x31 contiki-z1.a(abc.o)
 .comment       0x00000000       0x31 contiki-z1.a(announcement.o)
 .comment       0x00000000       0x31 contiki-z1.a(broadcast-annou)
 .comment       0x00000000       0x31 contiki-z1.a(broadcast.o)
 .comment       0x00000000       0x31 contiki-z1.a(chameleon.o)
 .comment       0x00000000       0x31 contiki-z1.a(channel.o)
 .comment       0x00000000       0x31 contiki-z1.a(framer-802154.o)
 .comment       0x00000000       0x31 contiki-z1.a(framer.o)
 .comment       0x00000000       0x31 contiki-z1.a(mac-sequence.o)
 .comment       0x00000000       0x31 contiki-z1.a(chameleon-bitop)
 .comment       0x00000000       0x31 contiki-z1.a(frame802154.o)
 .comment       0x00000000       0x31 /usr/local/msp430/bin/../lib/gcc/msp430/4.7.0/../../../../msp430/lib/mcpu-430x/mmpy-16/msr20/mc20/libc.a(printf.o)
 .comment       0x00000000       0x31 /usr/local/msp430/bin/../lib/gcc/msp430/4.7.0/../../../../msp430/lib/mcpu-430x/mmpy-16/msr20/mc20/libc.a(vuprintf.o)
 .comment       0x00000000       0x31 /usr/local/msp430/bin/../lib/gcc/msp430/4.7.0/../../../../msp430/lib/mcpu-430x/mmpy-16/msr20/mc20/libc.a(puts.o)
 .comment       0x00000000       0x31 /usr/local/msp430/bin/../lib/gcc/msp430/4.7.0/../../../../msp430/lib/mcpu-430x/mmpy-16/msr20/mc20/libc.a(rand.o)
 .comment       0x00000000       0x31 /usr/local/msp430/bin/../lib/gcc/msp430/4.7.0/../../../../msp430/lib/mcpu-430x/mmpy-16/msr20/mc20/libc.a(memcmp.o)
 .comment       0x00000000       0x31 /usr/local/msp430/bin/../lib/gcc/msp430/4.7.0/../../../../msp430/lib/mcpu-430x/mmpy-16/msr20/mc20/libc.a(memcpy.o)
 .comment       0x00000000       0x31 /usr/local/msp430/bin/../lib/gcc/msp430/4.7.0/../../../../msp430/lib/mcpu-430x/mmpy-16/msr20/mc20/libc.a(memset.o)

.debug
 *(.debug)

.line
 *(.line)

.debug_srcinfo
 *(.debug_srcinfo)

.debug_sfnames
 *(.debug_sfnames)

.debug_aranges  0x00000000      0x260
 *(.debug_aranges)
 .debug_aranges
                0x00000000       0x20 /usr/local/msp430/bin/../lib/gcc/msp430/4.7.0/mcpu-430x/mmpy-16/msr20/mc20/crt0ivtbl32.o
 .debug_aranges
                0x00000020       0x20 /usr/local/msp430/bin/../lib/gcc/msp430/4.7.0/mcpu-430x/mmpy-16/msr20/mc20/libgcc.a(_mulsi3.o)
 .debug_aranges
                0x00000040       0x20 /usr/local/msp430/bin/../lib/gcc/msp430/4.7.0/mcpu-430x/mmpy-16/msr20/mc20/libgcc.a(_udivmod32.o)
 .debug_aranges
                0x00000060       0x28 /usr/local/msp430/bin/../lib/gcc/msp430/4.7.0/../../../../msp430/lib/mcpu-430x/mmpy-16/msr20/mc20/libc.a(printf.o)
 .debug_aranges
                0x00000088       0x28 /usr/local/msp430/bin/../lib/gcc/msp430/4.7.0/../../../../msp430/lib/mcpu-430x/mmpy-16/msr20/mc20/libc.a(vuprintf.o)
 .debug_aranges
                0x000000b0       0x20 /usr/local/msp430/bin/../lib/gcc/msp430/4.7.0/../../../../msp430/lib/mcpu-430x/mmpy-16/msr20/mc20/libc.a(puts.o)
 .debug_aranges
                0x000000d0       0x30 /usr/local/msp430/bin/../lib/gcc/msp430/4.7.0/../../../../msp430/lib/mcpu-430x/mmpy-16/msr20/mc20/libc.a(rand.o)
 .debug_aranges
                0x00000100       0x20 /usr/local/msp430/bin/../lib/gcc/msp430/4.7.0/../../../../msp430/lib/mcpu-430x/mmpy-16/msr20/mc20/libc.a(memcmp.o)
 .debug_aranges
                0x00000120       0x20 /usr/local/msp430/bin/../lib/gcc/msp430/4.7.0/../../../../msp430/lib/mcpu-430x/mmpy-16/msr20/mc20/libc.a(memcpy.o)
 .debug_aranges
                0x00000140       0x20 /usr/local/msp430/bin/../lib/gcc/msp430/4.7.0/../../../../msp430/lib/mcpu-430x/mmpy-16/msr20/mc20/libc.a(memset.o)
 .debug_aranges
                0x00000160       0x20 /usr/local/msp430/bin/../lib/gcc/msp430/4.7.0/mcpu-430x/mmpy-16/msr20/mc20/libgcc.a(_udivmod16.o)
 .debug_aranges
                0x00000180       0x20 /usr/local/msp430/bin/../lib/gcc/msp430/4.7.0/mcpu-430x/mmpy-16/msr20/mc20/libgcc.a(_udivmod64.o)
 .debug_aranges
                0x000001a0       0x20 /usr/local/msp430/bin/../lib/gcc/msp430/4.7.0/mcpu-430x/mmpy-16/msr20/mc20/libcrt0.a(__watchdog_support.o)
 .debug_aranges
                0x000001c0       0x20 /usr/local/msp430/bin/../lib/gcc/msp430/4.7.0/mcpu-430x/mmpy-16/msr20/mc20/libcrt0.a(__init_stack.o)
 .debug_aranges
                0x000001e0       0x20 /usr/local/msp430/bin/../lib/gcc/msp430/4.7.0/mcpu-430x/mmpy-16/msr20/mc20/libcrt0.a(_copy_data.o)
 .debug_aranges
                0x00000200       0x20 /usr/local/msp430/bin/../lib/gcc/msp430/4.7.0/mcpu-430x/mmpy-16/msr20/mc20/libcrt0.a(_clear_bss.o)
 .debug_aranges
                0x00000220       0x20 /usr/local/msp430/bin/../lib/gcc/msp430/4.7.0/mcpu-430x/mmpy-16/msr20/mc20/libcrt0.a(_endless_loop__.o)
 .debug_aranges
                0x00000240       0x20 /usr/local/msp430/bin/../lib/gcc/msp430/4.7.0/mcpu-430x/mmpy-16/msr20/mc20/libcrt0.a(_unexpected_.o)

.debug_pubnames
 *(.debug_pubnames)

.debug_info     0x00000000     0x15b8
 *(.debug_info)
 .debug_info    0x00000000       0xbd /usr/local/msp430/bin/../lib/gcc/msp430/4.7.0/mcpu-430x/mmpy-16/msr20/mc20/crt0ivtbl32.o
 .debug_info    0x000000bd       0xba /usr/local/msp430/bin/../lib/gcc/msp430/4.7.0/mcpu-430x/mmpy-16/msr20/mc20/libgcc.a(_mulsi3.o)
 .debug_info    0x00000177       0xba /usr/local/msp430/bin/../lib/gcc/msp430/4.7.0/mcpu-430x/mmpy-16/msr20/mc20/libgcc.a(_udivmod32.o)
 .debug_info    0x00000231      0x18d /usr/local/msp430/bin/../lib/gcc/msp430/4.7.0/../../../../msp430/lib/mcpu-430x/mmpy-16/msr20/mc20/libc.a(printf.o)
 .debug_info    0x000003be      0x673 /usr/local/msp430/bin/../lib/gcc/msp430/4.7.0/../../../../msp430/lib/mcpu-430x/mmpy-16/msr20/mc20/libc.a(vuprintf.o)
 .debug_info    0x00000a31       0xe1 /usr/local/msp430/bin/../lib/gcc/msp430/4.7.0/../../../../msp430/lib/mcpu-430x/mmpy-16/msr20/mc20/libc.a(puts.o)
 .debug_info    0x00000b12      0x172 /usr/local/msp430/bin/../lib/gcc/msp430/4.7.0/../../../../msp430/lib/mcpu-430x/mmpy-16/msr20/mc20/libc.a(rand.o)
 .debug_info    0x00000c84       0xff /usr/local/msp430/bin/../lib/gcc/msp430/4.7.0/../../../../msp430/lib/mcpu-430x/mmpy-16/msr20/mc20/libc.a(memcmp.o)
 .debug_info    0x00000d83      0x144 /usr/local/msp430/bin/../lib/gcc/msp430/4.7.0/../../../../msp430/lib/mcpu-430x/mmpy-16/msr20/mc20/libc.a(memcpy.o)
 .debug_info    0x00000ec7      0x12d /usr/local/msp430/bin/../lib/gcc/msp430/4.7.0/../../../../msp430/lib/mcpu-430x/mmpy-16/msr20/mc20/libc.a(memset.o)
 .debug_info    0x00000ff4       0xba /usr/local/msp430/bin/../lib/gcc/msp430/4.7.0/mcpu-430x/mmpy-16/msr20/mc20/libgcc.a(_udivmod16.o)
 .debug_info    0x000010ae       0xba /usr/local/msp430/bin/../lib/gcc/msp430/4.7.0/mcpu-430x/mmpy-16/msr20/mc20/libgcc.a(_udivmod64.o)
 .debug_info    0x00001168       0xb8 /usr/local/msp430/bin/../lib/gcc/msp430/4.7.0/mcpu-430x/mmpy-16/msr20/mc20/libcrt0.a(__watchdog_support.o)
 .debug_info    0x00001220       0xb8 /usr/local/msp430/bin/../lib/gcc/msp430/4.7.0/mcpu-430x/mmpy-16/msr20/mc20/libcrt0.a(__init_stack.o)
 .debug_info    0x000012d8       0xb8 /usr/local/msp430/bin/../lib/gcc/msp430/4.7.0/mcpu-430x/mmpy-16/msr20/mc20/libcrt0.a(_copy_data.o)
 .debug_info    0x00001390       0xb8 /usr/local/msp430/bin/../lib/gcc/msp430/4.7.0/mcpu-430x/mmpy-16/msr20/mc20/libcrt0.a(_clear_bss.o)
 .debug_info    0x00001448       0xb8 /usr/local/msp430/bin/../lib/gcc/msp430/4.7.0/mcpu-430x/mmpy-16/msr20/mc20/libcrt0.a(_endless_loop__.o)
 .debug_info    0x00001500       0xb8 /usr/local/msp430/bin/../lib/gcc/msp430/4.7.0/mcpu-430x/mmpy-16/msr20/mc20/libcrt0.a(_unexpected_.o)
 *(.gnu.linkonce.wi.*)

.debug_abbrev   0x00000000      0x79c
 *(.debug_abbrev)
 .debug_abbrev  0x00000000       0x14 /usr/local/msp430/bin/../lib/gcc/msp430/4.7.0/mcpu-430x/mmpy-16/msr20/mc20/crt0ivtbl32.o
 .debug_abbrev  0x00000014       0x14 /usr/local/msp430/bin/../lib/gcc/msp430/4.7.0/mcpu-430x/mmpy-16/msr20/mc20/libgcc.a(_mulsi3.o)
 .debug_abbrev  0x00000028       0x14 /usr/local/msp430/bin/../lib/gcc/msp430/4.7.0/mcpu-430x/mmpy-16/msr20/mc20/libgcc.a(_udivmod32.o)
 .debug_abbrev  0x0000003c       0xfa /usr/local/msp430/bin/../lib/gcc/msp430/4.7.0/../../../../msp430/lib/mcpu-430x/mmpy-16/msr20/mc20/libc.a(printf.o)
 .debug_abbrev  0x00000136      0x23e /usr/local/msp430/bin/../lib/gcc/msp430/4.7.0/../../../../msp430/lib/mcpu-430x/mmpy-16/msr20/mc20/libc.a(vuprintf.o)
 .debug_abbrev  0x00000374       0xa3 /usr/local/msp430/bin/../lib/gcc/msp430/4.7.0/../../../../msp430/lib/mcpu-430x/mmpy-16/msr20/mc20/libc.a(puts.o)